2026-07-11T11:50:39,705 [main] INFO  a.f.a.t.Tool$ - # APALACHE version: 0.56.1 | build: 70cdaf4
2026-07-11T11:50:39,715 [main] INFO  a.f.a.t.t.o.ServerCmd - Starting checker server on port 8822...
2026-07-11T11:50:42,538 [zio-default-async-5] INFO  a.f.a.i.p.PassChainExecutor - PASS #0: SanyParser
2026-07-11T11:50:42,946 [zio-default-async-5] DEBUG a.f.a.i.p.PassChainExecutor - PASS #0: SanyParser [OK]
2026-07-11T11:50:42,947 [zio-default-async-5] INFO  a.f.a.i.p.PassChainExecutor - PASS #1: TypeCheckerSnowcat
2026-07-11T11:50:42,947 [zio-default-async-5] INFO  a.f.a.t.p.t.EtcTypeCheckerPassImpl -  > Running Snowcat .::.
2026-07-11T11:50:43,307 [zio-default-async-5] INFO  a.f.a.t.p.t.EtcTypeCheckerPassImpl -  > Your types are purrfect!
2026-07-11T11:50:43,307 [zio-default-async-5] INFO  a.f.a.t.p.t.EtcTypeCheckerPassImpl -  > All expressions are typed
2026-07-11T11:50:43,307 [zio-default-async-5] DEBUG a.f.a.i.p.PassChainExecutor - PASS #1: TypeCheckerSnowcat [OK]
2026-07-11T11:50:43,308 [zio-default-async-5] INFO  a.f.a.i.p.PassChainExecutor - PASS #2: ConfigurationPass
2026-07-11T11:50:43,311 [zio-default-async-5] INFO  a.f.a.t.p.p.ConfigurationPassImpl -   > Set the initialization predicate to q::init
2026-07-11T11:50:43,311 [zio-default-async-5] INFO  a.f.a.t.p.p.ConfigurationPassImpl -   > Set the transition predicate to q::step
2026-07-11T11:50:43,312 [zio-default-async-5] INFO  a.f.a.t.p.p.ConfigurationPassImpl -   > Set an invariant to q::inv
2026-07-11T11:50:43,318 [zio-default-async-5] DEBUG a.f.a.i.p.PassChainExecutor - PASS #2: ConfigurationPass [OK]
2026-07-11T11:50:43,319 [zio-default-async-5] INFO  a.f.a.i.p.PassChainExecutor - PASS #3: DesugarerPass
2026-07-11T11:50:43,319 [zio-default-async-5] INFO  a.f.a.t.p.p.DesugarerPassImpl -   > Desugaring...
2026-07-11T11:50:43,328 [zio-default-async-5] DEBUG a.f.a.i.p.PassChainExecutor - PASS #3: DesugarerPass [OK]
2026-07-11T11:50:43,328 [zio-default-async-5] INFO  a.f.a.i.p.PassChainExecutor - PASS #4: InlinePass
2026-07-11T11:50:43,329 [zio-default-async-5] INFO  a.f.a.t.p.p.InlinePassImpl - Leaving only relevant operators: CInitPrimed, q::init, q::initPrimed, q::inv, q::step
2026-07-11T11:50:43,354 [zio-default-async-5] DEBUG a.f.a.i.p.PassChainExecutor - PASS #4: InlinePass [OK]
2026-07-11T11:50:43,354 [zio-default-async-5] INFO  a.f.a.i.p.PassChainExecutor - PASS #5: TemporalPass
2026-07-11T11:50:43,354 [zio-default-async-5] INFO  a.f.a.t.p.p.TemporalPassImpl -   > Rewriting temporal operators...
2026-07-11T11:50:43,355 [zio-default-async-5] INFO  a.f.a.t.p.p.TemporalPassImpl -   > No temporal property specified, nothing to encode
2026-07-11T11:50:43,355 [zio-default-async-5] DEBUG a.f.a.i.p.PassChainExecutor - PASS #5: TemporalPass [OK]
2026-07-11T11:50:43,355 [zio-default-async-5] INFO  a.f.a.i.p.PassChainExecutor - PASS #6: InlinePass
2026-07-11T11:50:43,355 [zio-default-async-5] INFO  a.f.a.t.p.p.InlinePassImpl - Leaving only relevant operators: CInitPrimed, q::init, q::initPrimed, q::inv, q::step
2026-07-11T11:50:43,359 [zio-default-async-5] DEBUG a.f.a.i.p.PassChainExecutor - PASS #6: InlinePass [OK]
2026-07-11T11:50:43,359 [zio-default-async-5] INFO  a.f.a.i.p.PassChainExecutor - PASS #7: PrimingPass
2026-07-11T11:50:43,361 [zio-default-async-5] INFO  a.f.a.t.p.a.PrimingPassImpl -   > Introducing q::initPrimed for q::init'
2026-07-11T11:50:43,362 [zio-default-async-5] DEBUG a.f.a.i.p.PassChainExecutor - PASS #7: PrimingPass [OK]
2026-07-11T11:50:43,363 [zio-default-async-5] INFO  a.f.a.i.p.PassChainExecutor - PASS #8: VCGen
2026-07-11T11:50:43,363 [zio-default-async-5] INFO  a.f.a.t.b.p.VCGenPassImpl -   > Producing verification conditions from the invariant q::inv
2026-07-11T11:50:43,367 [zio-default-async-5] INFO  a.f.a.t.b.VCGenerator -   > VCGen produced 1 verification condition(s)
2026-07-11T11:50:43,373 [zio-default-async-5] DEBUG a.f.a.i.p.PassChainExecutor - PASS #8: VCGen [OK]
2026-07-11T11:50:43,374 [zio-default-async-5] INFO  a.f.a.i.p.PassChainExecutor - PASS #9: PreprocessingPass
2026-07-11T11:50:43,374 [zio-default-async-5] INFO  a.f.a.t.p.p.PreproPassImpl -   > Before preprocessing: unique renaming
2026-07-11T11:50:43,379 [zio-default-async-5] INFO  a.f.a.t.p.p.PreproPassImpl -  > Applying standard transformations:
2026-07-11T11:50:43,380 [zio-default-async-5] INFO  a.f.a.t.p.p.PreproPassImpl -   > PrimePropagation
2026-07-11T11:50:43,381 [zio-default-async-5] INFO  a.f.a.t.p.p.PreproPassImpl -   > Desugarer
2026-07-11T11:50:43,382 [zio-default-async-5] INFO  a.f.a.t.p.p.PreproPassImpl -   > UniqueRenamer
2026-07-11T11:50:43,385 [zio-default-async-5] INFO  a.f.a.t.p.p.PreproPassImpl -   > Normalizer
2026-07-11T11:50:43,387 [zio-default-async-5] INFO  a.f.a.t.p.p.PreproPassImpl -   > Keramelizer
2026-07-11T11:50:43,393 [zio-default-async-5] INFO  a.f.a.t.p.p.PreproPassImpl -   > After preprocessing: UniqueRenamer
2026-07-11T11:50:43,396 [zio-default-async-5] DEBUG a.f.a.i.p.PassChainExecutor - PASS #9: PreprocessingPass [OK]
2026-07-11T11:50:43,396 [zio-default-async-5] INFO  a.f.a.i.p.PassChainExecutor - PASS #10: TransitionFinderPass
2026-07-11T11:50:43,414 [zio-default-async-5] INFO  a.f.a.t.p.a.TransitionPassImpl -   > Found 1 initializing transitions
2026-07-11T11:50:43,416 [zio-default-async-5] DEBUG a.f.a.i.p.PassChainExecutor - Adapted exception intercepted: 
at.forsyte.apalache.tla.assignments.AssignmentException: <[UNKNOWN]>: Missing assignments to: accepted
	at at.forsyte.apalache.tla.assignments.SmtFreeSymbolicTransitionExtractor.handleDisjunctionOrITE(SmtFreeSymbolicTransitionExtractor.scala:70)
	at at.forsyte.apalache.tla.assignments.SmtFreeSymbolicTransitionExtractor.$anonfun$getStrategyOptInternal$1(SmtFreeSymbolicTransitionExtractor.scala:111)
	at at.forsyte.apalache.tla.assignments.SmtFreeSymbolicTransitionExtractor.$anonfun$getStrategyOptInternal$2(SmtFreeSymbolicTransitionExtractor.scala:107)
	at scala.collection.LinearSeqOps.foldLeft(LinearSeq.scala:183)
	at scala.collection.LinearSeqOps.foldLeft$(LinearSeq.scala:179)
	at scala.collection.immutable.List.foldLeft(List.scala:79)
	at at.forsyte.apalache.tla.assignments.SmtFreeSymbolicTransitionExtractor.$anonfun$getStrategyOptInternal$1(SmtFreeSymbolicTransitionExtractor.scala:107)
	at at.forsyte.apalache.tla.assignments.SmtFreeSymbolicTransitionExtractor.$anonfun$handleDisjunctionOrITE$1(SmtFreeSymbolicTransitionExtractor.scala:51)
	at scala.collection.immutable.List.map(List.scala:240)
	at scala.collection.immutable.List.map(List.scala:79)
	at at.forsyte.apalache.tla.assignments.SmtFreeSymbolicTransitionExtractor.handleDisjunctionOrITE(SmtFreeSymbolicTransitionExtractor.scala:51)
	at at.forsyte.apalache.tla.assignments.SmtFreeSymbolicTransitionExtractor.$anonfun$getStrategyOptInternal$1(SmtFreeSymbolicTransitionExtractor.scala:111)
	at at.forsyte.apalache.tla.assignments.SmtFreeSymbolicTransitionExtractor.getStrategy(SmtFreeSymbolicTransitionExtractor.scala:175)
	at at.forsyte.apalache.tla.assignments.SmtFreeSymbolicTransitionExtractor.apply(SmtFreeSymbolicTransitionExtractor.scala:197)
	at at.forsyte.apalache.tla.passes.assignments.TransitionPassImpl.extractTransitions$1(TransitionPassImpl.scala:41)
	at at.forsyte.apalache.tla.passes.assignments.TransitionPassImpl.execute(TransitionPassImpl.scala:55)
	at at.forsyte.apalache.infra.passes.PassChainExecutor.exec(PassChainExecutor.scala:71)
	at at.forsyte.apalache.infra.passes.PassChainExecutor.$anonfun$runPassOnModule$3(PassChainExecutor.scala:60)
	at scala.util.Either.flatMap(Either.scala:360)
	at at.forsyte.apalache.infra.passes.PassChainExecutor.$anonfun$runPassOnModule$1(PassChainExecutor.scala:58)
	at scala.collection.LinearSeqOps.foldLeft(LinearSeq.scala:183)
	at scala.collection.LinearSeqOps.foldLeft$(LinearSeq.scala:179)
	at scala.collection.immutable.List.foldLeft(List.scala:79)
	at at.forsyte.apalache.infra.passes.PassChainExecutor.runOnPasses(PassChainExecutor.scala:51)
	at at.forsyte.apalache.infra.passes.PassChainExecutor.run(PassChainExecutor.scala:42)
	at at.forsyte.apalache.shai.v1.CmdExecutorService.$anonfun$executeCmd$6(CmdExecutorService.scala:93)
	at scala.util.Either.flatMap(Either.scala:360)
	at at.forsyte.apalache.shai.v1.CmdExecutorService.$anonfun$executeCmd$2(CmdExecutorService.scala:81)
	at scala.util.Either.flatMap(Either.scala:360)
	at at.forsyte.apalache.shai.v1.CmdExecutorService.executeCmd(CmdExecutorService.scala:77)
	at at.forsyte.apalache.shai.v1.CmdExecutorService.$anonfun$run$1(CmdExecutorService.scala:47)
	at zio.internal.FiberContext.evaluateNow(FiberContext.scala:355)
	at zio.internal.FiberContext.$anonfun$evaluateLater$1(FiberContext.scala:785)
	at java.base/java.util.concurrent.ThreadPoolExecutor.runWorker(ThreadPoolExecutor.java:1144)
	at java.base/java.util.concurrent.ThreadPoolExecutor$Worker.run(ThreadPoolExecutor.java:642)
	at java.base/java.lang.Thread.run(Thread.java:1583)
2026-07-11T11:50:43,420 [zio-default-async-5] INFO  a.f.a.t.b.c.CheckerExceptionAdapter - To understand the error, read the manual:
2026-07-11T11:50:43,420 [zio-default-async-5] INFO  a.f.a.t.b.c.CheckerExceptionAdapter -   [https://apalache-mc.org/docs/apalache/principles/assignments.html]
