@!@!@STARTMSG 2262:0 @!@!@
Created by Apalache on Sat Jul 11 11:51:13 MDT 2026
@!@!@ENDMSG 2262 @!@!@
@!@!@STARTMSG 2110:1 @!@!@
Invariant is violated.
@!@!@ENDMSG 2110 @!@!@
@!@!@STARTMSG 2121:1 @!@!@
The behavior up to this point is:
@!@!@ENDMSG 2121 @!@!@
@!@!@STARTMSG 2217:4 @!@!@
1: <Initial predicate>
/\ __InLoop = FALSE
/\ __q::temporalProps_init = FALSE
/\ __saved___temporal_t_1 = FALSE
/\ __saved___temporal_t_2 = FALSE
/\ __saved_attemptedGen = 0
/\ __saved_attemptedKind = "relabel"
/\ __saved_attemptedSid = "s1"
/\ __saved_generation = SetAsFun({ <<"s1", 0>>, <<"s2", 0>> })
/\ __saved_identityGeneration = SetAsFun({ <<"s1", 0>>, <<"s2", 0>> })
/\ __saved_label = SetAsFun({ <<"s1", "proj-A">>, <<"s2", "proj-A">> })
/\ __saved_lsn = 0
/\ __saved_tombstoneLsn = SetAsFun({ <<<<"s1", 0>>, 0>>,
  <<<<"s1", 1>>, 0>>,
  <<<<"s1", 2>>, 0>>,
  <<<<"s1", 3>>, 0>>,
  <<<<"s2", 0>>, 0>>,
  <<<<"s2", 1>>, 0>>,
  <<<<"s2", 2>>, 0>>,
  <<<<"s2", 3>>, 0>> })
/\ __saved_tombstoned = SetAsFun({ <<<<"s1", 0>>, FALSE>>,
  <<<<"s1", 1>>, FALSE>>,
  <<<<"s1", 2>>, FALSE>>,
  <<<<"s1", 3>>, FALSE>>,
  <<<<"s2", 0>>, FALSE>>,
  <<<<"s2", 1>>, FALSE>>,
  <<<<"s2", 2>>, FALSE>>,
  <<<<"s2", 3>>, FALSE>> })
/\ __temporal_t_1 = FALSE
/\ __temporal_t_2 = FALSE
/\ __temporal_t_2_unroll = TRUE
/\ __temporal_t_2_unroll_prev = TRUE
/\ attemptedGen = 0
/\ attemptedKind = "relabel"
/\ attemptedSid = "s1"
/\ generation = SetAsFun({ <<"s1", 0>>, <<"s2", 0>> })
/\ identityGeneration = SetAsFun({ <<"s1", 0>>, <<"s2", 0>> })
/\ label = SetAsFun({ <<"s1", "proj-A">>, <<"s2", "proj-A">> })
/\ lsn = 0
/\ tombstoneLsn = SetAsFun({ <<<<"s1", 0>>, 0>>,
  <<<<"s1", 1>>, 0>>,
  <<<<"s1", 2>>, 0>>,
  <<<<"s1", 3>>, 0>>,
  <<<<"s2", 0>>, 0>>,
  <<<<"s2", 1>>, 0>>,
  <<<<"s2", 2>>, 0>>,
  <<<<"s2", 3>>, 0>> })
/\ tombstoned = SetAsFun({ <<<<"s1", 0>>, FALSE>>,
  <<<<"s1", 1>>, FALSE>>,
  <<<<"s1", 2>>, FALSE>>,
  <<<<"s1", 3>>, FALSE>>,
  <<<<"s2", 0>>, FALSE>>,
  <<<<"s2", 1>>, FALSE>>,
  <<<<"s2", 2>>, FALSE>>,
  <<<<"s2", 3>>, FALSE>> })

@!@!@ENDMSG 2217 @!@!@
@!@!@STARTMSG 2217:4 @!@!@
2: <Next>
/\ __InLoop = FALSE
/\ __q::temporalProps_init = FALSE
/\ __saved___temporal_t_1 = FALSE
/\ __saved___temporal_t_2 = FALSE
/\ __saved_attemptedGen = 0
/\ __saved_attemptedKind = "relabel"
/\ __saved_attemptedSid = "s1"
/\ __saved_generation = SetAsFun({ <<"s1", 0>>, <<"s2", 0>> })
/\ __saved_identityGeneration = SetAsFun({ <<"s1", 0>>, <<"s2", 0>> })
/\ __saved_label = SetAsFun({ <<"s1", "proj-A">>, <<"s2", "proj-A">> })
/\ __saved_lsn = 0
/\ __saved_tombstoneLsn = SetAsFun({ <<<<"s1", 0>>, 0>>,
  <<<<"s1", 1>>, 0>>,
  <<<<"s1", 2>>, 0>>,
  <<<<"s1", 3>>, 0>>,
  <<<<"s2", 0>>, 0>>,
  <<<<"s2", 1>>, 0>>,
  <<<<"s2", 2>>, 0>>,
  <<<<"s2", 3>>, 0>> })
/\ __saved_tombstoned = SetAsFun({ <<<<"s1", 0>>, FALSE>>,
  <<<<"s1", 1>>, FALSE>>,
  <<<<"s1", 2>>, FALSE>>,
  <<<<"s1", 3>>, FALSE>>,
  <<<<"s2", 0>>, FALSE>>,
  <<<<"s2", 1>>, FALSE>>,
  <<<<"s2", 2>>, FALSE>>,
  <<<<"s2", 3>>, FALSE>> })
/\ __temporal_t_1 = FALSE
/\ __temporal_t_2 = FALSE
/\ __temporal_t_2_unroll = TRUE
/\ __temporal_t_2_unroll_prev = TRUE
/\ attemptedGen = 2
/\ attemptedKind = "report"
/\ attemptedSid = "s1"
/\ generation = SetAsFun({ <<"s1", 2>>, <<"s2", 0>> })
/\ identityGeneration = SetAsFun({ <<"s1", 2>>, <<"s2", 0>> })
/\ label = SetAsFun({ <<"s1", "proj-A">>, <<"s2", "proj-A">> })
/\ lsn = 1
/\ tombstoneLsn = SetAsFun({ <<<<"s1", 0>>, 1>>,
  <<<<"s1", 1>>, 0>>,
  <<<<"s1", 2>>, 0>>,
  <<<<"s1", 3>>, 0>>,
  <<<<"s2", 0>>, 0>>,
  <<<<"s2", 1>>, 0>>,
  <<<<"s2", 2>>, 0>>,
  <<<<"s2", 3>>, 0>> })
/\ tombstoned = SetAsFun({ <<<<"s1", 0>>, TRUE>>,
  <<<<"s1", 1>>, FALSE>>,
  <<<<"s1", 2>>, FALSE>>,
  <<<<"s1", 3>>, FALSE>>,
  <<<<"s2", 0>>, FALSE>>,
  <<<<"s2", 1>>, FALSE>>,
  <<<<"s2", 2>>, FALSE>>,
  <<<<"s2", 3>>, FALSE>> })

@!@!@ENDMSG 2217 @!@!@
@!@!@STARTMSG 2217:4 @!@!@
3: <Next>
/\ __InLoop = FALSE
/\ __q::temporalProps_init = FALSE
/\ __saved___temporal_t_1 = FALSE
/\ __saved___temporal_t_2 = FALSE
/\ __saved_attemptedGen = 0
/\ __saved_attemptedKind = "relabel"
/\ __saved_attemptedSid = "s1"
/\ __saved_generation = SetAsFun({ <<"s1", 0>>, <<"s2", 0>> })
/\ __saved_identityGeneration = SetAsFun({ <<"s1", 0>>, <<"s2", 0>> })
/\ __saved_label = SetAsFun({ <<"s1", "proj-A">>, <<"s2", "proj-A">> })
/\ __saved_lsn = 0
/\ __saved_tombstoneLsn = SetAsFun({ <<<<"s1", 0>>, 0>>,
  <<<<"s1", 1>>, 0>>,
  <<<<"s1", 2>>, 0>>,
  <<<<"s1", 3>>, 0>>,
  <<<<"s2", 0>>, 0>>,
  <<<<"s2", 1>>, 0>>,
  <<<<"s2", 2>>, 0>>,
  <<<<"s2", 3>>, 0>> })
/\ __saved_tombstoned = SetAsFun({ <<<<"s1", 0>>, FALSE>>,
  <<<<"s1", 1>>, FALSE>>,
  <<<<"s1", 2>>, FALSE>>,
  <<<<"s1", 3>>, FALSE>>,
  <<<<"s2", 0>>, FALSE>>,
  <<<<"s2", 1>>, FALSE>>,
  <<<<"s2", 2>>, FALSE>>,
  <<<<"s2", 3>>, FALSE>> })
/\ __temporal_t_1 = FALSE
/\ __temporal_t_2 = TRUE
/\ __temporal_t_2_unroll = TRUE
/\ __temporal_t_2_unroll_prev = TRUE
/\ attemptedGen = 1
/\ attemptedKind = "report"
/\ attemptedSid = "s1"
/\ generation = SetAsFun({ <<"s1", 1>>, <<"s2", 0>> })
/\ identityGeneration = SetAsFun({ <<"s1", 2>>, <<"s2", 0>> })
/\ label = SetAsFun({ <<"s1", "proj-A">>, <<"s2", "proj-A">> })
/\ lsn = 1
/\ tombstoneLsn = SetAsFun({ <<<<"s1", 0>>, 1>>,
  <<<<"s1", 1>>, 0>>,
  <<<<"s1", 2>>, 0>>,
  <<<<"s1", 3>>, 0>>,
  <<<<"s2", 0>>, 0>>,
  <<<<"s2", 1>>, 0>>,
  <<<<"s2", 2>>, 0>>,
  <<<<"s2", 3>>, 0>> })
/\ tombstoned = SetAsFun({ <<<<"s1", 0>>, TRUE>>,
  <<<<"s1", 1>>, FALSE>>,
  <<<<"s1", 2>>, FALSE>>,
  <<<<"s1", 3>>, FALSE>>,
  <<<<"s2", 0>>, FALSE>>,
  <<<<"s2", 1>>, FALSE>>,
  <<<<"s2", 2>>, FALSE>>,
  <<<<"s2", 3>>, FALSE>> })

@!@!@ENDMSG 2217 @!@!@
@!@!@STARTMSG 2217:4 @!@!@
4: <Next>
/\ __InLoop = FALSE
/\ __q::temporalProps_init = FALSE
/\ __saved___temporal_t_1 = FALSE
/\ __saved___temporal_t_2 = FALSE
/\ __saved_attemptedGen = 0
/\ __saved_attemptedKind = "relabel"
/\ __saved_attemptedSid = "s1"
/\ __saved_generation = SetAsFun({ <<"s1", 0>>, <<"s2", 0>> })
/\ __saved_identityGeneration = SetAsFun({ <<"s1", 0>>, <<"s2", 0>> })
/\ __saved_label = SetAsFun({ <<"s1", "proj-A">>, <<"s2", "proj-A">> })
/\ __saved_lsn = 0
/\ __saved_tombstoneLsn = SetAsFun({ <<<<"s1", 0>>, 0>>,
  <<<<"s1", 1>>, 0>>,
  <<<<"s1", 2>>, 0>>,
  <<<<"s1", 3>>, 0>>,
  <<<<"s2", 0>>, 0>>,
  <<<<"s2", 1>>, 0>>,
  <<<<"s2", 2>>, 0>>,
  <<<<"s2", 3>>, 0>> })
/\ __saved_tombstoned = SetAsFun({ <<<<"s1", 0>>, FALSE>>,
  <<<<"s1", 1>>, FALSE>>,
  <<<<"s1", 2>>, FALSE>>,
  <<<<"s1", 3>>, FALSE>>,
  <<<<"s2", 0>>, FALSE>>,
  <<<<"s2", 1>>, FALSE>>,
  <<<<"s2", 2>>, FALSE>>,
  <<<<"s2", 3>>, FALSE>> })
/\ __temporal_t_1 = TRUE
/\ __temporal_t_2 = TRUE
/\ __temporal_t_2_unroll = TRUE
/\ __temporal_t_2_unroll_prev = TRUE
/\ attemptedGen = 2
/\ attemptedKind = "report"
/\ attemptedSid = "s1"
/\ generation = SetAsFun({ <<"s1", 2>>, <<"s2", 0>> })
/\ identityGeneration = SetAsFun({ <<"s1", 2>>, <<"s2", 0>> })
/\ label = SetAsFun({ <<"s1", "proj-A">>, <<"s2", "proj-A">> })
/\ lsn = 2
/\ tombstoneLsn = SetAsFun({ <<<<"s1", 0>>, 1>>,
  <<<<"s1", 1>>, 2>>,
  <<<<"s1", 2>>, 0>>,
  <<<<"s1", 3>>, 0>>,
  <<<<"s2", 0>>, 0>>,
  <<<<"s2", 1>>, 0>>,
  <<<<"s2", 2>>, 0>>,
  <<<<"s2", 3>>, 0>> })
/\ tombstoned = SetAsFun({ <<<<"s1", 0>>, TRUE>>,
  <<<<"s1", 1>>, TRUE>>,
  <<<<"s1", 2>>, FALSE>>,
  <<<<"s1", 3>>, FALSE>>,
  <<<<"s2", 0>>, FALSE>>,
  <<<<"s2", 1>>, FALSE>>,
  <<<<"s2", 2>>, FALSE>>,
  <<<<"s2", 3>>, FALSE>> })

@!@!@ENDMSG 2217 @!@!@
@!@!@STARTMSG 2217:4 @!@!@
5: <Next>
/\ __InLoop = TRUE
/\ __q::temporalProps_init = FALSE
/\ __saved___temporal_t_1 = TRUE
/\ __saved___temporal_t_2 = TRUE
/\ __saved_attemptedGen = 2
/\ __saved_attemptedKind = "report"
/\ __saved_attemptedSid = "s1"
/\ __saved_generation = SetAsFun({ <<"s1", 2>>, <<"s2", 0>> })
/\ __saved_identityGeneration = SetAsFun({ <<"s1", 2>>, <<"s2", 0>> })
/\ __saved_label = SetAsFun({ <<"s1", "proj-A">>, <<"s2", "proj-A">> })
/\ __saved_lsn = 2
/\ __saved_tombstoneLsn = SetAsFun({ <<<<"s1", 0>>, 1>>,
  <<<<"s1", 1>>, 2>>,
  <<<<"s1", 2>>, 0>>,
  <<<<"s1", 3>>, 0>>,
  <<<<"s2", 0>>, 0>>,
  <<<<"s2", 1>>, 0>>,
  <<<<"s2", 2>>, 0>>,
  <<<<"s2", 3>>, 0>> })
/\ __saved_tombstoned = SetAsFun({ <<<<"s1", 0>>, TRUE>>,
  <<<<"s1", 1>>, TRUE>>,
  <<<<"s1", 2>>, FALSE>>,
  <<<<"s1", 3>>, FALSE>>,
  <<<<"s2", 0>>, FALSE>>,
  <<<<"s2", 1>>, FALSE>>,
  <<<<"s2", 2>>, FALSE>>,
  <<<<"s2", 3>>, FALSE>> })
/\ __temporal_t_1 = TRUE
/\ __temporal_t_2 = TRUE
/\ __temporal_t_2_unroll = TRUE
/\ __temporal_t_2_unroll_prev = TRUE
/\ attemptedGen = 2
/\ attemptedKind = "report"
/\ attemptedSid = "s1"
/\ generation = SetAsFun({ <<"s1", 2>>, <<"s2", 0>> })
/\ identityGeneration = SetAsFun({ <<"s1", 2>>, <<"s2", 0>> })
/\ label = SetAsFun({ <<"s1", "proj-A">>, <<"s2", "proj-A">> })
/\ lsn = 2
/\ tombstoneLsn = SetAsFun({ <<<<"s1", 0>>, 1>>,
  <<<<"s1", 1>>, 2>>,
  <<<<"s1", 2>>, 0>>,
  <<<<"s1", 3>>, 0>>,
  <<<<"s2", 0>>, 0>>,
  <<<<"s2", 1>>, 0>>,
  <<<<"s2", 2>>, 0>>,
  <<<<"s2", 3>>, 0>> })
/\ tombstoned = SetAsFun({ <<<<"s1", 0>>, TRUE>>,
  <<<<"s1", 1>>, TRUE>>,
  <<<<"s1", 2>>, FALSE>>,
  <<<<"s1", 3>>, FALSE>>,
  <<<<"s2", 0>>, FALSE>>,
  <<<<"s2", 1>>, FALSE>>,
  <<<<"s2", 2>>, FALSE>>,
  <<<<"s2", 3>>, FALSE>> })

@!@!@ENDMSG 2217 @!@!@
