@!@!@STARTMSG 2262:0 @!@!@
Created by Apalache on Sat Jul 11 11:50:57 MDT 2026
@!@!@ENDMSG 2262 @!@!@
@!@!@STARTMSG 2110:1 @!@!@
Invariant is violated.
@!@!@ENDMSG 2110 @!@!@
@!@!@STARTMSG 2121:1 @!@!@
The behavior up to this point is:
@!@!@ENDMSG 2121 @!@!@
@!@!@STARTMSG 2217:4 @!@!@
1: <Initial predicate>
/\ appliedKeys = { "k1", "k2", "k3" }
/\ applyCount = SetAsFun({ <<"k1", 1>>, <<"k2", 1>>, <<"k3", 1>> })
/\ idemKey = SetAsFun({ <<"c1", "k1">>, <<"c2", "k2">>, <<"c3", "k3">> })
/\ lsn = 3
/\ state = SetAsFun({ <<"c1", "accepted">>, <<"c2", "accepted">>, <<"c3", "accepted">> })
/\ terminalLsn = SetAsFun({ <<"c1", 0>>, <<"c2", 0>>, <<"c3", 0>> })

@!@!@ENDMSG 2217 @!@!@
@!@!@STARTMSG 2217:4 @!@!@
2: <Next>
/\ appliedKeys = { "k1", "k2", "k3" }
/\ applyCount = SetAsFun({ <<"k1", 2>>, <<"k2", 1>>, <<"k3", 1>> })
/\ idemKey = SetAsFun({ <<"c1", "k1">>, <<"c2", "k2">>, <<"c3", "k3">> })
/\ lsn = 3
/\ state = SetAsFun({ <<"c1", "accepted">>, <<"c2", "accepted">>, <<"c3", "accepted">> })
/\ terminalLsn = SetAsFun({ <<"c1", 0>>, <<"c2", 0>>, <<"c3", 0>> })

@!@!@ENDMSG 2217 @!@!@
