2026-07-11T10:16:45,010 [main] INFO  a.f.a.t.Tool$ - # APALACHE version: 0.56.1 | build: 70cdaf4
2026-07-11T10:16:45,035 [main] INFO  a.f.a.t.t.o.ServerCmd - Starting checker server on port 8822...
2026-07-11T10:16:48,300 [zio-default-async-5] INFO  a.f.a.i.p.PassChainExecutor - PASS #0: SanyParser
2026-07-11T10:16:49,609 [zio-default-async-5] DEBUG a.f.a.i.p.PassChainExecutor - PASS #0: SanyParser [OK]
2026-07-11T10:16:49,613 [zio-default-async-5] INFO  a.f.a.i.p.PassChainExecutor - PASS #1: TypeCheckerSnowcat
2026-07-11T10:16:49,614 [zio-default-async-5] INFO  a.f.a.t.p.t.EtcTypeCheckerPassImpl -  > Running Snowcat .::.
2026-07-11T10:16:52,179 [zio-default-async-5] INFO  a.f.a.t.p.t.EtcTypeCheckerPassImpl -  > Your types are purrfect!
2026-07-11T10:16:52,180 [zio-default-async-5] INFO  a.f.a.t.p.t.EtcTypeCheckerPassImpl -  > All expressions are typed
2026-07-11T10:16:52,180 [zio-default-async-5] DEBUG a.f.a.i.p.PassChainExecutor - PASS #1: TypeCheckerSnowcat [OK]
2026-07-11T10:16:52,182 [zio-default-async-5] INFO  a.f.a.i.p.PassChainExecutor - PASS #2: ConfigurationPass
2026-07-11T10:16:52,190 [zio-default-async-5] INFO  a.f.a.t.p.p.ConfigurationPassImpl -   > Set the initialization predicate to q::init
2026-07-11T10:16:52,191 [zio-default-async-5] INFO  a.f.a.t.p.p.ConfigurationPassImpl -   > Set the transition predicate to q::step
2026-07-11T10:16:52,191 [zio-default-async-5] INFO  a.f.a.t.p.p.ConfigurationPassImpl -   > Set an invariant to q::inv
2026-07-11T10:16:52,203 [zio-default-async-5] DEBUG a.f.a.i.p.PassChainExecutor - PASS #2: ConfigurationPass [OK]
2026-07-11T10:16:52,204 [zio-default-async-5] INFO  a.f.a.i.p.PassChainExecutor - PASS #3: DesugarerPass
2026-07-11T10:16:52,204 [zio-default-async-5] INFO  a.f.a.t.p.p.DesugarerPassImpl -   > Desugaring...
2026-07-11T10:16:52,235 [zio-default-async-5] DEBUG a.f.a.i.p.PassChainExecutor - PASS #3: DesugarerPass [OK]
2026-07-11T10:16:52,236 [zio-default-async-5] INFO  a.f.a.i.p.PassChainExecutor - PASS #4: InlinePass
2026-07-11T10:16:52,239 [zio-default-async-5] INFO  a.f.a.t.p.p.InlinePassImpl - Leaving only relevant operators: CInitPrimed, q::init, q::initPrimed, q::inv, q::step
2026-07-11T10:16:52,358 [zio-default-async-5] DEBUG a.f.a.i.p.PassChainExecutor - PASS #4: InlinePass [OK]
2026-07-11T10:16:52,358 [zio-default-async-5] INFO  a.f.a.i.p.PassChainExecutor - PASS #5: TemporalPass
2026-07-11T10:16:52,359 [zio-default-async-5] INFO  a.f.a.t.p.p.TemporalPassImpl -   > Rewriting temporal operators...
2026-07-11T10:16:52,359 [zio-default-async-5] INFO  a.f.a.t.p.p.TemporalPassImpl -   > No temporal property specified, nothing to encode
2026-07-11T10:16:52,359 [zio-default-async-5] DEBUG a.f.a.i.p.PassChainExecutor - PASS #5: TemporalPass [OK]
2026-07-11T10:16:52,360 [zio-default-async-5] INFO  a.f.a.i.p.PassChainExecutor - PASS #6: InlinePass
2026-07-11T10:16:52,360 [zio-default-async-5] INFO  a.f.a.t.p.p.InlinePassImpl - Leaving only relevant operators: CInitPrimed, q::init, q::initPrimed, q::inv, q::step
2026-07-11T10:16:52,375 [zio-default-async-5] DEBUG a.f.a.i.p.PassChainExecutor - PASS #6: InlinePass [OK]
2026-07-11T10:16:52,376 [zio-default-async-5] INFO  a.f.a.i.p.PassChainExecutor - PASS #7: PrimingPass
2026-07-11T10:16:52,383 [zio-default-async-5] INFO  a.f.a.t.p.a.PrimingPassImpl -   > Introducing q::initPrimed for q::init'
2026-07-11T10:16:52,387 [zio-default-async-5] DEBUG a.f.a.i.p.PassChainExecutor - PASS #7: PrimingPass [OK]
2026-07-11T10:16:52,388 [zio-default-async-5] INFO  a.f.a.i.p.PassChainExecutor - PASS #8: VCGen
2026-07-11T10:16:52,389 [zio-default-async-5] INFO  a.f.a.t.b.p.VCGenPassImpl -   > Producing verification conditions from the invariant q::inv
2026-07-11T10:16:52,408 [zio-default-async-5] INFO  a.f.a.t.b.VCGenerator -   > VCGen produced 51 verification condition(s)
2026-07-11T10:16:52,417 [zio-default-async-5] DEBUG a.f.a.i.p.PassChainExecutor - PASS #8: VCGen [OK]
2026-07-11T10:16:52,418 [zio-default-async-5] INFO  a.f.a.i.p.PassChainExecutor - PASS #9: PreprocessingPass
2026-07-11T10:16:52,418 [zio-default-async-5] INFO  a.f.a.t.p.p.PreproPassImpl -   > Before preprocessing: unique renaming
2026-07-11T10:16:52,432 [zio-default-async-5] INFO  a.f.a.t.p.p.PreproPassImpl -  > Applying standard transformations:
2026-07-11T10:16:52,435 [zio-default-async-5] INFO  a.f.a.t.p.p.PreproPassImpl -   > PrimePropagation
2026-07-11T10:16:52,443 [zio-default-async-5] INFO  a.f.a.t.p.p.PreproPassImpl -   > Desugarer
2026-07-11T10:16:52,453 [zio-default-async-5] INFO  a.f.a.t.p.p.PreproPassImpl -   > UniqueRenamer
2026-07-11T10:16:52,471 [zio-default-async-5] INFO  a.f.a.t.p.p.PreproPassImpl -   > Normalizer
2026-07-11T10:16:52,489 [zio-default-async-5] INFO  a.f.a.t.p.p.PreproPassImpl -   > Keramelizer
2026-07-11T10:16:52,536 [zio-default-async-5] INFO  a.f.a.t.p.p.PreproPassImpl -   > After preprocessing: UniqueRenamer
2026-07-11T10:16:52,564 [zio-default-async-5] DEBUG a.f.a.i.p.PassChainExecutor - PASS #9: PreprocessingPass [OK]
2026-07-11T10:16:52,565 [zio-default-async-5] INFO  a.f.a.i.p.PassChainExecutor - PASS #10: TransitionFinderPass
2026-07-11T10:16:52,618 [zio-default-async-5] INFO  a.f.a.t.p.a.TransitionPassImpl -   > Found 1 initializing transitions
2026-07-11T10:16:52,656 [zio-default-async-5] INFO  a.f.a.t.p.a.TransitionPassImpl -   > Found 4 transitions
2026-07-11T10:16:52,658 [zio-default-async-5] INFO  a.f.a.t.p.a.TransitionPassImpl -   > No constant initializer
2026-07-11T10:16:52,661 [zio-default-async-5] INFO  a.f.a.t.p.a.TransitionPassImpl -   > Applying unique renaming
2026-07-11T10:16:52,676 [zio-default-async-5] DEBUG a.f.a.i.p.PassChainExecutor - PASS #10: TransitionFinderPass [OK]
2026-07-11T10:16:52,677 [zio-default-async-5] INFO  a.f.a.i.p.PassChainExecutor - PASS #11: OptimizationPass
2026-07-11T10:16:52,691 [zio-default-async-5] INFO  a.f.a.t.p.p.OptPassImpl -  > Applying optimizations:
2026-07-11T10:16:52,696 [zio-default-async-5] INFO  a.f.a.t.p.p.OptPassImpl -   > ConstSimplifier
2026-07-11T10:16:52,740 [zio-default-async-5] INFO  a.f.a.t.p.p.OptPassImpl -   > ExprOptimizer
2026-07-11T10:16:52,753 [zio-default-async-5] INFO  a.f.a.t.p.p.OptPassImpl -   > SetMembershipSimplifier
2026-07-11T10:16:52,761 [zio-default-async-5] INFO  a.f.a.t.p.p.OptPassImpl -   > ConstSimplifier
2026-07-11T10:16:52,775 [zio-default-async-5] DEBUG a.f.a.i.p.PassChainExecutor - PASS #11: OptimizationPass [OK]
2026-07-11T10:16:52,775 [zio-default-async-5] INFO  a.f.a.i.p.PassChainExecutor - PASS #12: AnalysisPass
2026-07-11T10:16:52,780 [zio-default-async-5] INFO  a.f.a.t.b.p.AnalysisPassImpl -  > Marking skolemizable existentials and sets to be expanded...
2026-07-11T10:16:52,782 [zio-default-async-5] INFO  a.f.a.t.b.p.AnalysisPassImpl -   > Skolemization
2026-07-11T10:16:52,783 [zio-default-async-5] INFO  a.f.a.t.b.p.AnalysisPassImpl -   > Expansion
2026-07-11T10:16:52,790 [zio-default-async-5] INFO  a.f.a.t.b.p.AnalysisPassImpl -   > Remove unused let-in defs
2026-07-11T10:16:52,800 [zio-default-async-5] INFO  a.f.a.t.b.p.AnalysisPassImpl -  > Running analyzers...
2026-07-11T10:16:52,819 [zio-default-async-5] INFO  a.f.a.t.b.p.AnalysisPassImpl -   > Introduced expression grades
2026-07-11T10:16:52,821 [zio-default-async-5] DEBUG a.f.a.i.p.PassChainExecutor - PASS #12: AnalysisPass [OK]
2026-07-11T10:16:52,822 [zio-default-async-5] INFO  a.f.a.i.p.PassChainExecutor - PASS #13: BoundedChecker
2026-07-11T10:16:52,866 [zio-default-async-5] DEBUG a.f.a.t.b.s.Z3SolverContext - Creating Z3 solver context 0
2026-07-11T10:16:53,282 [zio-default-async-5] DEBUG a.f.a.t.b.t.TransitionExecutorImpl - Step #0, transition #0
2026-07-11T10:16:53,283 [zio-default-async-5] DEBUG a.f.a.t.b.t.TransitionExecutorImpl - Translating to SMT
2026-07-11T10:16:53,417 [zio-default-async-5] DEBUG a.f.a.t.b.SeqModelChecker - Step 0: Transition #0. Is it enabled?
2026-07-11T10:16:53,422 [zio-default-async-5] DEBUG a.f.a.t.b.SeqModelChecker - Step 0: Transition #0 is enabled
2026-07-11T10:16:53,424 [zio-default-async-5] INFO  a.f.a.t.b.SeqModelChecker - State 0: Checking 51 state invariants
2026-07-11T10:16:53,425 [zio-default-async-5] DEBUG a.f.a.t.b.SeqModelChecker - State 0: Checking state invariant 0
2026-07-11T10:16:53,450 [zio-default-async-5] INFO  a.f.a.t.b.SeqModelChecker - State 0: state invariant 0 holds.
2026-07-11T10:16:53,459 [zio-default-async-5] DEBUG a.f.a.t.b.SeqModelChecker - State 0: Checking state invariant 1
2026-07-11T10:16:53,465 [zio-default-async-5] INFO  a.f.a.t.b.SeqModelChecker - State 0: state invariant 1 holds.
2026-07-11T10:16:53,467 [zio-default-async-5] DEBUG a.f.a.t.b.SeqModelChecker - State 0: Checking state invariant 2
2026-07-11T10:16:53,489 [zio-default-async-5] INFO  a.f.a.t.b.SeqModelChecker - State 0: state invariant 2 holds.
2026-07-11T10:16:53,490 [zio-default-async-5] DEBUG a.f.a.t.b.SeqModelChecker - State 0: Checking state invariant 3
2026-07-11T10:16:53,498 [zio-default-async-5] INFO  a.f.a.t.b.SeqModelChecker - State 0: state invariant 3 holds.
2026-07-11T10:16:53,499 [zio-default-async-5] DEBUG a.f.a.t.b.SeqModelChecker - State 0: Checking state invariant 4
2026-07-11T10:16:53,507 [zio-default-async-5] INFO  a.f.a.t.b.SeqModelChecker - State 0: state invariant 4 holds.
2026-07-11T10:16:53,509 [zio-default-async-5] DEBUG a.f.a.t.b.SeqModelChecker - State 0: Checking state invariant 5
2026-07-11T10:16:53,520 [zio-default-async-5] INFO  a.f.a.t.b.SeqModelChecker - State 0: state invariant 5 holds.
2026-07-11T10:16:53,522 [zio-default-async-5] DEBUG a.f.a.t.b.SeqModelChecker - State 0: Checking state invariant 6
2026-07-11T10:16:53,536 [zio-default-async-5] INFO  a.f.a.t.b.SeqModelChecker - State 0: state invariant 6 holds.
2026-07-11T10:16:53,539 [zio-default-async-5] DEBUG a.f.a.t.b.SeqModelChecker - State 0: Checking state invariant 7
2026-07-11T10:16:53,549 [zio-default-async-5] INFO  a.f.a.t.b.SeqModelChecker - State 0: state invariant 7 holds.
2026-07-11T10:16:53,551 [zio-default-async-5] DEBUG a.f.a.t.b.SeqModelChecker - State 0: Checking state invariant 8
2026-07-11T10:16:53,559 [zio-default-async-5] INFO  a.f.a.t.b.SeqModelChecker - State 0: state invariant 8 holds.
2026-07-11T10:16:53,560 [zio-default-async-5] DEBUG a.f.a.t.b.SeqModelChecker - State 0: Checking state invariant 9
2026-07-11T10:16:53,570 [zio-default-async-5] INFO  a.f.a.t.b.SeqModelChecker - State 0: state invariant 9 holds.
2026-07-11T10:16:53,572 [zio-default-async-5] DEBUG a.f.a.t.b.SeqModelChecker - State 0: Checking state invariant 10
2026-07-11T10:16:53,581 [zio-default-async-5] INFO  a.f.a.t.b.SeqModelChecker - State 0: state invariant 10 holds.
2026-07-11T10:16:53,583 [zio-default-async-5] DEBUG a.f.a.t.b.SeqModelChecker - State 0: Checking state invariant 11
2026-07-11T10:16:53,589 [zio-default-async-5] INFO  a.f.a.t.b.SeqModelChecker - State 0: state invariant 11 holds.
2026-07-11T10:16:53,591 [zio-default-async-5] DEBUG a.f.a.t.b.SeqModelChecker - State 0: Checking state invariant 12
2026-07-11T10:16:53,596 [zio-default-async-5] INFO  a.f.a.t.b.SeqModelChecker - State 0: state invariant 12 holds.
2026-07-11T10:16:53,597 [zio-default-async-5] DEBUG a.f.a.t.b.SeqModelChecker - State 0: Checking state invariant 13
2026-07-11T10:16:53,613 [zio-default-async-5] INFO  a.f.a.t.b.SeqModelChecker - State 0: state invariant 13 holds.
2026-07-11T10:16:53,615 [zio-default-async-5] DEBUG a.f.a.t.b.SeqModelChecker - State 0: Checking state invariant 14
2026-07-11T10:16:53,622 [zio-default-async-5] INFO  a.f.a.t.b.SeqModelChecker - State 0: state invariant 14 holds.
2026-07-11T10:16:53,624 [zio-default-async-5] DEBUG a.f.a.t.b.SeqModelChecker - State 0: Checking state invariant 15
2026-07-11T10:16:53,627 [zio-default-async-5] INFO  a.f.a.t.b.SeqModelChecker - State 0: state invariant 15 holds.
2026-07-11T10:16:53,628 [zio-default-async-5] DEBUG a.f.a.t.b.SeqModelChecker - State 0: Checking state invariant 16
2026-07-11T10:16:53,629 [zio-default-async-5] INFO  a.f.a.t.b.SeqModelChecker - State 0: state invariant 16 holds.
2026-07-11T10:16:53,630 [zio-default-async-5] DEBUG a.f.a.t.b.SeqModelChecker - State 0: Checking state invariant 17
2026-07-11T10:16:53,640 [zio-default-async-5] INFO  a.f.a.t.b.SeqModelChecker - State 0: state invariant 17 holds.
2026-07-11T10:16:53,642 [zio-default-async-5] DEBUG a.f.a.t.b.SeqModelChecker - State 0: Checking state invariant 18
2026-07-11T10:16:53,645 [zio-default-async-5] INFO  a.f.a.t.b.SeqModelChecker - State 0: state invariant 18 holds.
2026-07-11T10:16:53,646 [zio-default-async-5] DEBUG a.f.a.t.b.SeqModelChecker - State 0: Checking state invariant 19
2026-07-11T10:16:53,648 [zio-default-async-5] INFO  a.f.a.t.b.SeqModelChecker - State 0: state invariant 19 holds.
2026-07-11T10:16:53,649 [zio-default-async-5] DEBUG a.f.a.t.b.SeqModelChecker - State 0: Checking state invariant 20
2026-07-11T10:16:53,652 [zio-default-async-5] INFO  a.f.a.t.b.SeqModelChecker - State 0: state invariant 20 holds.
2026-07-11T10:16:53,653 [zio-default-async-5] DEBUG a.f.a.t.b.SeqModelChecker - State 0: Checking state invariant 21
2026-07-11T10:16:53,654 [zio-default-async-5] INFO  a.f.a.t.b.SeqModelChecker - State 0: state invariant 21 holds.
2026-07-11T10:16:53,655 [zio-default-async-5] DEBUG a.f.a.t.b.SeqModelChecker - State 0: Checking state invariant 22
2026-07-11T10:16:53,656 [zio-default-async-5] INFO  a.f.a.t.b.SeqModelChecker - State 0: state invariant 22 holds.
2026-07-11T10:16:53,657 [zio-default-async-5] DEBUG a.f.a.t.b.SeqModelChecker - State 0: Checking state invariant 23
2026-07-11T10:16:53,658 [zio-default-async-5] INFO  a.f.a.t.b.SeqModelChecker - State 0: state invariant 23 holds.
2026-07-11T10:16:53,659 [zio-default-async-5] DEBUG a.f.a.t.b.SeqModelChecker - State 0: Checking state invariant 24
2026-07-11T10:16:53,662 [zio-default-async-5] INFO  a.f.a.t.b.SeqModelChecker - State 0: state invariant 24 holds.
2026-07-11T10:16:53,664 [zio-default-async-5] DEBUG a.f.a.t.b.SeqModelChecker - State 0: Checking state invariant 25
2026-07-11T10:16:53,665 [zio-default-async-5] INFO  a.f.a.t.b.SeqModelChecker - State 0: state invariant 25 holds.
2026-07-11T10:16:53,665 [zio-default-async-5] DEBUG a.f.a.t.b.SeqModelChecker - State 0: Checking state invariant 26
2026-07-11T10:16:53,665 [zio-default-async-5] INFO  a.f.a.t.b.SeqModelChecker - State 0: state invariant 26 holds.
2026-07-11T10:16:53,666 [zio-default-async-5] DEBUG a.f.a.t.b.SeqModelChecker - State 0: Checking state invariant 27
2026-07-11T10:16:53,666 [zio-default-async-5] INFO  a.f.a.t.b.SeqModelChecker - State 0: state invariant 27 holds.
2026-07-11T10:16:53,666 [zio-default-async-5] DEBUG a.f.a.t.b.SeqModelChecker - State 0: Checking state invariant 28
2026-07-11T10:16:53,667 [zio-default-async-5] INFO  a.f.a.t.b.SeqModelChecker - State 0: state invariant 28 holds.
2026-07-11T10:16:53,668 [zio-default-async-5] DEBUG a.f.a.t.b.SeqModelChecker - State 0: Checking state invariant 29
2026-07-11T10:16:53,669 [zio-default-async-5] INFO  a.f.a.t.b.SeqModelChecker - State 0: state invariant 29 holds.
2026-07-11T10:16:53,670 [zio-default-async-5] DEBUG a.f.a.t.b.SeqModelChecker - State 0: Checking state invariant 30
2026-07-11T10:16:53,670 [zio-default-async-5] INFO  a.f.a.t.b.SeqModelChecker - State 0: state invariant 30 holds.
2026-07-11T10:16:53,671 [zio-default-async-5] DEBUG a.f.a.t.b.SeqModelChecker - State 0: Checking state invariant 31
2026-07-11T10:16:53,671 [zio-default-async-5] INFO  a.f.a.t.b.SeqModelChecker - State 0: state invariant 31 holds.
2026-07-11T10:16:53,672 [zio-default-async-5] DEBUG a.f.a.t.b.SeqModelChecker - State 0: Checking state invariant 32
2026-07-11T10:16:53,672 [zio-default-async-5] INFO  a.f.a.t.b.SeqModelChecker - State 0: state invariant 32 holds.
2026-07-11T10:16:53,673 [zio-default-async-5] DEBUG a.f.a.t.b.SeqModelChecker - State 0: Checking state invariant 33
2026-07-11T10:16:53,674 [zio-default-async-5] INFO  a.f.a.t.b.SeqModelChecker - State 0: state invariant 33 holds.
2026-07-11T10:16:53,675 [zio-default-async-5] DEBUG a.f.a.t.b.SeqModelChecker - State 0: Checking state invariant 34
2026-07-11T10:16:53,677 [zio-default-async-5] INFO  a.f.a.t.b.SeqModelChecker - State 0: state invariant 34 holds.
2026-07-11T10:16:53,679 [zio-default-async-5] DEBUG a.f.a.t.b.SeqModelChecker - State 0: Checking state invariant 35
2026-07-11T10:16:53,681 [zio-default-async-5] INFO  a.f.a.t.b.SeqModelChecker - State 0: state invariant 35 holds.
2026-07-11T10:16:53,683 [zio-default-async-5] DEBUG a.f.a.t.b.SeqModelChecker - State 0: Checking state invariant 36
2026-07-11T10:16:53,684 [zio-default-async-5] INFO  a.f.a.t.b.SeqModelChecker - State 0: state invariant 36 holds.
2026-07-11T10:16:53,686 [zio-default-async-5] DEBUG a.f.a.t.b.SeqModelChecker - State 0: Checking state invariant 37
2026-07-11T10:16:53,687 [zio-default-async-5] INFO  a.f.a.t.b.SeqModelChecker - State 0: state invariant 37 holds.
2026-07-11T10:16:53,689 [zio-default-async-5] DEBUG a.f.a.t.b.SeqModelChecker - State 0: Checking state invariant 38
2026-07-11T10:16:53,690 [zio-default-async-5] INFO  a.f.a.t.b.SeqModelChecker - State 0: state invariant 38 holds.
2026-07-11T10:16:53,691 [zio-default-async-5] DEBUG a.f.a.t.b.SeqModelChecker - State 0: Checking state invariant 39
2026-07-11T10:16:53,693 [zio-default-async-5] INFO  a.f.a.t.b.SeqModelChecker - State 0: state invariant 39 holds.
2026-07-11T10:16:53,694 [zio-default-async-5] DEBUG a.f.a.t.b.SeqModelChecker - State 0: Checking state invariant 40
2026-07-11T10:16:53,695 [zio-default-async-5] INFO  a.f.a.t.b.SeqModelChecker - State 0: state invariant 40 holds.
2026-07-11T10:16:53,696 [zio-default-async-5] DEBUG a.f.a.t.b.SeqModelChecker - State 0: Checking state invariant 41
2026-07-11T10:16:53,698 [zio-default-async-5] INFO  a.f.a.t.b.SeqModelChecker - State 0: state invariant 41 holds.
2026-07-11T10:16:53,700 [zio-default-async-5] DEBUG a.f.a.t.b.SeqModelChecker - State 0: Checking state invariant 42
2026-07-11T10:16:53,701 [zio-default-async-5] INFO  a.f.a.t.b.SeqModelChecker - State 0: state invariant 42 holds.
2026-07-11T10:16:53,702 [zio-default-async-5] DEBUG a.f.a.t.b.SeqModelChecker - State 0: Checking state invariant 43
2026-07-11T10:16:53,702 [zio-default-async-5] INFO  a.f.a.t.b.SeqModelChecker - State 0: state invariant 43 holds.
2026-07-11T10:16:53,703 [zio-default-async-5] DEBUG a.f.a.t.b.SeqModelChecker - State 0: Checking state invariant 44
2026-07-11T10:16:53,704 [zio-default-async-5] INFO  a.f.a.t.b.SeqModelChecker - State 0: state invariant 44 holds.
2026-07-11T10:16:53,705 [zio-default-async-5] DEBUG a.f.a.t.b.SeqModelChecker - State 0: Checking state invariant 45
2026-07-11T10:16:53,711 [zio-default-async-5] INFO  a.f.a.t.b.SeqModelChecker - State 0: state invariant 45 holds.
2026-07-11T10:16:53,712 [zio-default-async-5] DEBUG a.f.a.t.b.SeqModelChecker - State 0: Checking state invariant 46
2026-07-11T10:16:53,714 [zio-default-async-5] INFO  a.f.a.t.b.SeqModelChecker - State 0: state invariant 46 holds.
2026-07-11T10:16:53,714 [zio-default-async-5] DEBUG a.f.a.t.b.SeqModelChecker - State 0: Checking state invariant 47
2026-07-11T10:16:53,722 [zio-default-async-5] INFO  a.f.a.t.b.SeqModelChecker - State 0: state invariant 47 holds.
2026-07-11T10:16:53,724 [zio-default-async-5] DEBUG a.f.a.t.b.SeqModelChecker - State 0: Checking state invariant 48
2026-07-11T10:16:53,732 [zio-default-async-5] INFO  a.f.a.t.b.SeqModelChecker - State 0: state invariant 48 holds.
2026-07-11T10:16:53,733 [zio-default-async-5] DEBUG a.f.a.t.b.SeqModelChecker - State 0: Checking state invariant 49
2026-07-11T10:16:53,739 [zio-default-async-5] INFO  a.f.a.t.b.SeqModelChecker - State 0: state invariant 49 holds.
2026-07-11T10:16:53,740 [zio-default-async-5] DEBUG a.f.a.t.b.SeqModelChecker - State 0: Checking state invariant 50
2026-07-11T10:16:53,749 [zio-default-async-5] INFO  a.f.a.t.b.SeqModelChecker - State 0: state invariant 50 holds.
2026-07-11T10:16:53,751 [zio-default-async-5] INFO  a.f.a.t.b.t.TransitionExecutorImpl - Step 0: picking a transition out of 1 transition(s)
2026-07-11T10:16:53,782 [zio-default-async-5] DEBUG a.f.a.t.b.t.TransitionExecutorImpl - Step #1, transition #0
2026-07-11T10:16:53,783 [zio-default-async-5] DEBUG a.f.a.t.b.t.TransitionExecutorImpl - Translating to SMT
2026-07-11T10:16:53,906 [zio-default-async-5] DEBUG a.f.a.t.b.SeqModelChecker - Step 1: Transition #0. Is it enabled?
2026-07-11T10:16:53,911 [zio-default-async-5] DEBUG a.f.a.t.b.SeqModelChecker - Step 1: Transition #0 is enabled
2026-07-11T10:16:53,913 [zio-default-async-5] INFO  a.f.a.t.b.SeqModelChecker - State 1: Checking 15 state invariants
2026-07-11T10:16:53,913 [zio-default-async-5] DEBUG a.f.a.t.b.SeqModelChecker - State 1: Checking state invariant 8
2026-07-11T10:16:53,920 [zio-default-async-5] INFO  a.f.a.t.b.SeqModelChecker - State 1: state invariant 8 holds.
2026-07-11T10:16:53,921 [zio-default-async-5] DEBUG a.f.a.t.b.SeqModelChecker - State 1: Checking state invariant 11
2026-07-11T10:16:53,927 [zio-default-async-5] INFO  a.f.a.t.b.SeqModelChecker - State 1: state invariant 11 holds.
2026-07-11T10:16:53,928 [zio-default-async-5] DEBUG a.f.a.t.b.SeqModelChecker - State 1: Checking state invariant 15
2026-07-11T10:16:53,933 [zio-default-async-5] INFO  a.f.a.t.b.SeqModelChecker - State 1: state invariant 15 holds.
2026-07-11T10:16:53,934 [zio-default-async-5] DEBUG a.f.a.t.b.SeqModelChecker - State 1: Checking state invariant 16
2026-07-11T10:16:53,938 [zio-default-async-5] INFO  a.f.a.t.b.SeqModelChecker - State 1: state invariant 16 holds.
2026-07-11T10:16:53,939 [zio-default-async-5] DEBUG a.f.a.t.b.SeqModelChecker - State 1: Checking state invariant 20
2026-07-11T10:16:53,941 [zio-default-async-5] INFO  a.f.a.t.b.SeqModelChecker - State 1: state invariant 20 holds.
2026-07-11T10:16:53,942 [zio-default-async-5] DEBUG a.f.a.t.b.SeqModelChecker - State 1: Checking state invariant 23
2026-07-11T10:16:53,943 [zio-default-async-5] INFO  a.f.a.t.b.SeqModelChecker - State 1: state invariant 23 holds.
2026-07-11T10:16:53,944 [zio-default-async-5] DEBUG a.f.a.t.b.SeqModelChecker - State 1: Checking state invariant 24
2026-07-11T10:16:53,948 [zio-default-async-5] INFO  a.f.a.t.b.SeqModelChecker - State 1: state invariant 24 holds.
2026-07-11T10:16:53,950 [zio-default-async-5] DEBUG a.f.a.t.b.SeqModelChecker - State 1: Checking state invariant 25
2026-07-11T10:16:53,964 [zio-default-async-5] INFO  a.f.a.t.b.SeqModelChecker - State 1: state invariant 25 holds.
2026-07-11T10:16:53,966 [zio-default-async-5] DEBUG a.f.a.t.b.SeqModelChecker - State 1: Checking state invariant 26
2026-07-11T10:16:53,976 [zio-default-async-5] INFO  a.f.a.t.b.SeqModelChecker - State 1: state invariant 26 holds.
2026-07-11T10:16:53,978 [zio-default-async-5] DEBUG a.f.a.t.b.SeqModelChecker - State 1: Checking state invariant 27
2026-07-11T10:16:53,985 [zio-default-async-5] INFO  a.f.a.t.b.SeqModelChecker - State 1: state invariant 27 holds.
2026-07-11T10:16:53,987 [zio-default-async-5] DEBUG a.f.a.t.b.SeqModelChecker - State 1: Checking state invariant 28
2026-07-11T10:16:53,994 [zio-default-async-5] INFO  a.f.a.t.b.SeqModelChecker - State 1: state invariant 28 holds.
2026-07-11T10:16:53,995 [zio-default-async-5] DEBUG a.f.a.t.b.SeqModelChecker - State 1: Checking state invariant 29
2026-07-11T10:16:53,998 [zio-default-async-5] INFO  a.f.a.t.b.SeqModelChecker - State 1: state invariant 29 holds.
2026-07-11T10:16:53,999 [zio-default-async-5] DEBUG a.f.a.t.b.SeqModelChecker - State 1: Checking state invariant 30
2026-07-11T10:16:54,004 [zio-default-async-5] INFO  a.f.a.t.b.SeqModelChecker - State 1: state invariant 30 holds.
2026-07-11T10:16:54,005 [zio-default-async-5] DEBUG a.f.a.t.b.SeqModelChecker - State 1: Checking state invariant 31
2026-07-11T10:16:54,088 [zio-default-async-5] INFO  a.f.a.t.b.SeqModelChecker - State 1: state invariant 31 holds.
2026-07-11T10:16:54,090 [zio-default-async-5] DEBUG a.f.a.t.b.SeqModelChecker - State 1: Checking state invariant 42
2026-07-11T10:16:54,091 [zio-default-async-5] INFO  a.f.a.t.b.SeqModelChecker - State 1: state invariant 42 holds.
2026-07-11T10:16:54,092 [zio-default-async-5] DEBUG a.f.a.t.b.t.TransitionExecutorImpl - Step #1, transition #1
2026-07-11T10:16:54,092 [zio-default-async-5] DEBUG a.f.a.t.b.t.TransitionExecutorImpl - Translating to SMT
2026-07-11T10:16:54,122 [zio-default-async-5] DEBUG a.f.a.t.b.SeqModelChecker - Step 1: Transition #1. Is it enabled?
2026-07-11T10:16:54,125 [zio-default-async-5] DEBUG a.f.a.t.b.SeqModelChecker - Step 1: Transition #1 is enabled
2026-07-11T10:16:54,126 [zio-default-async-5] DEBUG a.f.a.t.b.t.TransitionExecutorImpl - Step #1, transition #2
2026-07-11T10:16:54,127 [zio-default-async-5] DEBUG a.f.a.t.b.t.TransitionExecutorImpl - Translating to SMT
2026-07-11T10:16:54,186 [zio-default-async-5] DEBUG a.f.a.t.b.SeqModelChecker - Step 1: Transition #2. Is it enabled?
2026-07-11T10:16:54,190 [zio-default-async-5] DEBUG a.f.a.t.b.SeqModelChecker - Step 1: Transition #2 is enabled
2026-07-11T10:16:54,191 [zio-default-async-5] INFO  a.f.a.t.b.SeqModelChecker - State 1: Checking 19 state invariants
2026-07-11T10:16:54,192 [zio-default-async-5] DEBUG a.f.a.t.b.SeqModelChecker - State 1: Checking state invariant 18
2026-07-11T10:16:54,197 [zio-default-async-5] INFO  a.f.a.t.b.SeqModelChecker - State 1: state invariant 18 holds.
2026-07-11T10:16:54,199 [zio-default-async-5] DEBUG a.f.a.t.b.SeqModelChecker - State 1: Checking state invariant 19
2026-07-11T10:16:54,204 [zio-default-async-5] INFO  a.f.a.t.b.SeqModelChecker - State 1: state invariant 19 holds.
2026-07-11T10:16:54,205 [zio-default-async-5] DEBUG a.f.a.t.b.SeqModelChecker - State 1: Checking state invariant 20
2026-07-11T10:16:54,208 [zio-default-async-5] INFO  a.f.a.t.b.SeqModelChecker - State 1: state invariant 20 holds.
2026-07-11T10:16:54,208 [zio-default-async-5] DEBUG a.f.a.t.b.SeqModelChecker - State 1: Checking state invariant 21
2026-07-11T10:16:54,212 [zio-default-async-5] INFO  a.f.a.t.b.SeqModelChecker - State 1: state invariant 21 holds.
2026-07-11T10:16:54,213 [zio-default-async-5] DEBUG a.f.a.t.b.SeqModelChecker - State 1: Checking state invariant 22
2026-07-11T10:16:54,217 [zio-default-async-5] INFO  a.f.a.t.b.SeqModelChecker - State 1: state invariant 22 holds.
2026-07-11T10:16:54,218 [zio-default-async-5] DEBUG a.f.a.t.b.SeqModelChecker - State 1: Checking state invariant 32
2026-07-11T10:16:54,222 [zio-default-async-5] INFO  a.f.a.t.b.SeqModelChecker - State 1: state invariant 32 holds.
2026-07-11T10:16:54,224 [zio-default-async-5] DEBUG a.f.a.t.b.SeqModelChecker - State 1: Checking state invariant 33
2026-07-11T10:16:54,229 [zio-default-async-5] INFO  a.f.a.t.b.SeqModelChecker - State 1: state invariant 33 holds.
2026-07-11T10:16:54,230 [zio-default-async-5] DEBUG a.f.a.t.b.SeqModelChecker - State 1: Checking state invariant 34
2026-07-11T10:16:54,234 [zio-default-async-5] INFO  a.f.a.t.b.SeqModelChecker - State 1: state invariant 34 holds.
2026-07-11T10:16:54,236 [zio-default-async-5] DEBUG a.f.a.t.b.SeqModelChecker - State 1: Checking state invariant 35
2026-07-11T10:16:54,243 [zio-default-async-5] INFO  a.f.a.t.b.SeqModelChecker - State 1: state invariant 35 holds.
2026-07-11T10:16:54,244 [zio-default-async-5] DEBUG a.f.a.t.b.SeqModelChecker - State 1: Checking state invariant 36
2026-07-11T10:16:54,249 [zio-default-async-5] INFO  a.f.a.t.b.SeqModelChecker - State 1: state invariant 36 holds.
2026-07-11T10:16:54,250 [zio-default-async-5] DEBUG a.f.a.t.b.SeqModelChecker - State 1: Checking state invariant 37
2026-07-11T10:16:54,259 [zio-default-async-5] INFO  a.f.a.t.b.SeqModelChecker - State 1: state invariant 37 holds.
2026-07-11T10:16:54,260 [zio-default-async-5] DEBUG a.f.a.t.b.SeqModelChecker - State 1: Checking state invariant 38
2026-07-11T10:16:54,267 [zio-default-async-5] INFO  a.f.a.t.b.SeqModelChecker - State 1: state invariant 38 holds.
2026-07-11T10:16:54,269 [zio-default-async-5] DEBUG a.f.a.t.b.SeqModelChecker - State 1: Checking state invariant 39
2026-07-11T10:16:54,279 [zio-default-async-5] INFO  a.f.a.t.b.SeqModelChecker - State 1: state invariant 39 holds.
2026-07-11T10:16:54,280 [zio-default-async-5] DEBUG a.f.a.t.b.SeqModelChecker - State 1: Checking state invariant 40
2026-07-11T10:16:54,286 [zio-default-async-5] INFO  a.f.a.t.b.SeqModelChecker - State 1: state invariant 40 holds.
2026-07-11T10:16:54,287 [zio-default-async-5] DEBUG a.f.a.t.b.SeqModelChecker - State 1: Checking state invariant 41
2026-07-11T10:16:54,293 [zio-default-async-5] INFO  a.f.a.t.b.SeqModelChecker - State 1: state invariant 41 holds.
2026-07-11T10:16:54,294 [zio-default-async-5] DEBUG a.f.a.t.b.SeqModelChecker - State 1: Checking state invariant 42
2026-07-11T10:16:54,302 [zio-default-async-5] INFO  a.f.a.t.b.SeqModelChecker - State 1: state invariant 42 holds.
2026-07-11T10:16:54,303 [zio-default-async-5] DEBUG a.f.a.t.b.SeqModelChecker - State 1: Checking state invariant 43
2026-07-11T10:16:54,313 [zio-default-async-5] INFO  a.f.a.t.b.SeqModelChecker - State 1: state invariant 43 holds.
2026-07-11T10:16:54,315 [zio-default-async-5] DEBUG a.f.a.t.b.SeqModelChecker - State 1: Checking state invariant 44
2026-07-11T10:16:54,348 [zio-default-async-5] INFO  a.f.a.t.b.SeqModelChecker - State 1: state invariant 44 holds.
2026-07-11T10:16:54,350 [zio-default-async-5] DEBUG a.f.a.t.b.SeqModelChecker - State 1: Checking state invariant 46
2026-07-11T10:16:54,364 [zio-default-async-5] INFO  a.f.a.t.b.SeqModelChecker - State 1: state invariant 46 holds.
2026-07-11T10:16:54,365 [zio-default-async-5] DEBUG a.f.a.t.b.t.TransitionExecutorImpl - Step #1, transition #3
2026-07-11T10:16:54,366 [zio-default-async-5] DEBUG a.f.a.t.b.t.TransitionExecutorImpl - Translating to SMT
2026-07-11T10:16:54,392 [zio-default-async-5] DEBUG a.f.a.t.b.SeqModelChecker - Step 1: Transition #3. Is it enabled?
2026-07-11T10:16:54,397 [zio-default-async-5] DEBUG a.f.a.t.b.SeqModelChecker - Step 1: Transition #3 is enabled
2026-07-11T10:16:54,399 [zio-default-async-5] INFO  a.f.a.t.b.t.TransitionExecutorImpl - Step 1: picking a transition out of 4 transition(s)
2026-07-11T10:16:54,479 [zio-default-async-5] DEBUG a.f.a.t.b.t.TransitionExecutorImpl - Step #2, transition #0
2026-07-11T10:16:54,480 [zio-default-async-5] DEBUG a.f.a.t.b.t.TransitionExecutorImpl - Translating to SMT
2026-07-11T10:16:54,522 [zio-default-async-5] DEBUG a.f.a.t.b.SeqModelChecker - Step 2: Transition #0. Is it enabled?
2026-07-11T10:16:54,526 [zio-default-async-5] DEBUG a.f.a.t.b.SeqModelChecker - Step 2: Transition #0 is enabled
2026-07-11T10:16:54,527 [zio-default-async-5] INFO  a.f.a.t.b.SeqModelChecker - State 2: Checking 15 state invariants
2026-07-11T10:16:54,527 [zio-default-async-5] DEBUG a.f.a.t.b.SeqModelChecker - State 2: Checking state invariant 8
2026-07-11T10:16:54,534 [zio-default-async-5] INFO  a.f.a.t.b.SeqModelChecker - State 2: state invariant 8 holds.
2026-07-11T10:16:54,536 [zio-default-async-5] DEBUG a.f.a.t.b.SeqModelChecker - State 2: Checking state invariant 11
2026-07-11T10:16:54,540 [zio-default-async-5] INFO  a.f.a.t.b.SeqModelChecker - State 2: state invariant 11 holds.
2026-07-11T10:16:54,541 [zio-default-async-5] DEBUG a.f.a.t.b.SeqModelChecker - State 2: Checking state invariant 15
2026-07-11T10:16:54,546 [zio-default-async-5] INFO  a.f.a.t.b.SeqModelChecker - State 2: state invariant 15 holds.
2026-07-11T10:16:54,547 [zio-default-async-5] DEBUG a.f.a.t.b.SeqModelChecker - State 2: Checking state invariant 16
2026-07-11T10:16:54,552 [zio-default-async-5] INFO  a.f.a.t.b.SeqModelChecker - State 2: state invariant 16 holds.
2026-07-11T10:16:54,553 [zio-default-async-5] DEBUG a.f.a.t.b.SeqModelChecker - State 2: Checking state invariant 20
2026-07-11T10:16:54,557 [zio-default-async-5] INFO  a.f.a.t.b.SeqModelChecker - State 2: state invariant 20 holds.
2026-07-11T10:16:54,558 [zio-default-async-5] DEBUG a.f.a.t.b.SeqModelChecker - State 2: Checking state invariant 23
2026-07-11T10:16:54,563 [zio-default-async-5] INFO  a.f.a.t.b.SeqModelChecker - State 2: state invariant 23 holds.
2026-07-11T10:16:54,564 [zio-default-async-5] DEBUG a.f.a.t.b.SeqModelChecker - State 2: Checking state invariant 24
2026-07-11T10:16:54,569 [zio-default-async-5] INFO  a.f.a.t.b.SeqModelChecker - State 2: state invariant 24 holds.
2026-07-11T10:16:54,570 [zio-default-async-5] DEBUG a.f.a.t.b.SeqModelChecker - State 2: Checking state invariant 25
2026-07-11T10:16:54,577 [zio-default-async-5] INFO  a.f.a.t.b.SeqModelChecker - State 2: state invariant 25 holds.
2026-07-11T10:16:54,578 [zio-default-async-5] DEBUG a.f.a.t.b.SeqModelChecker - State 2: Checking state invariant 26
2026-07-11T10:16:54,585 [zio-default-async-5] INFO  a.f.a.t.b.SeqModelChecker - State 2: state invariant 26 holds.
2026-07-11T10:16:54,586 [zio-default-async-5] DEBUG a.f.a.t.b.SeqModelChecker - State 2: Checking state invariant 27
2026-07-11T10:16:54,592 [zio-default-async-5] INFO  a.f.a.t.b.SeqModelChecker - State 2: state invariant 27 holds.
2026-07-11T10:16:54,593 [zio-default-async-5] DEBUG a.f.a.t.b.SeqModelChecker - State 2: Checking state invariant 28
2026-07-11T10:16:54,601 [zio-default-async-5] INFO  a.f.a.t.b.SeqModelChecker - State 2: state invariant 28 holds.
2026-07-11T10:16:54,603 [zio-default-async-5] DEBUG a.f.a.t.b.SeqModelChecker - State 2: Checking state invariant 29
2026-07-11T10:16:54,608 [zio-default-async-5] INFO  a.f.a.t.b.SeqModelChecker - State 2: state invariant 29 holds.
2026-07-11T10:16:54,612 [zio-default-async-5] DEBUG a.f.a.t.b.SeqModelChecker - State 2: Checking state invariant 30
2026-07-11T10:16:54,621 [zio-default-async-5] INFO  a.f.a.t.b.SeqModelChecker - State 2: state invariant 30 holds.
2026-07-11T10:16:54,623 [zio-default-async-5] DEBUG a.f.a.t.b.SeqModelChecker - State 2: Checking state invariant 31
2026-07-11T10:16:54,675 [zio-default-async-5] INFO  a.f.a.t.b.SeqModelChecker - State 2: state invariant 31 holds.
2026-07-11T10:16:54,677 [zio-default-async-5] DEBUG a.f.a.t.b.SeqModelChecker - State 2: Checking state invariant 42
2026-07-11T10:16:54,687 [zio-default-async-5] INFO  a.f.a.t.b.SeqModelChecker - State 2: state invariant 42 holds.
2026-07-11T10:16:54,689 [zio-default-async-5] DEBUG a.f.a.t.b.t.TransitionExecutorImpl - Step #2, transition #1
2026-07-11T10:16:54,689 [zio-default-async-5] DEBUG a.f.a.t.b.t.TransitionExecutorImpl - Translating to SMT
2026-07-11T10:16:54,707 [zio-default-async-5] DEBUG a.f.a.t.b.SeqModelChecker - Step 2: Transition #1. Is it enabled?
2026-07-11T10:16:54,711 [zio-default-async-5] DEBUG a.f.a.t.b.SeqModelChecker - Step 2: Transition #1 is enabled
2026-07-11T10:16:54,712 [zio-default-async-5] DEBUG a.f.a.t.b.t.TransitionExecutorImpl - Step #2, transition #2
2026-07-11T10:16:54,712 [zio-default-async-5] DEBUG a.f.a.t.b.t.TransitionExecutorImpl - Translating to SMT
2026-07-11T10:16:54,750 [zio-default-async-5] DEBUG a.f.a.t.b.SeqModelChecker - Step 2: Transition #2. Is it enabled?
2026-07-11T10:16:54,754 [zio-default-async-5] DEBUG a.f.a.t.b.SeqModelChecker - Step 2: Transition #2 is enabled
2026-07-11T10:16:54,755 [zio-default-async-5] INFO  a.f.a.t.b.SeqModelChecker - State 2: Checking 19 state invariants
2026-07-11T10:16:54,755 [zio-default-async-5] DEBUG a.f.a.t.b.SeqModelChecker - State 2: Checking state invariant 18
2026-07-11T10:16:54,761 [zio-default-async-5] INFO  a.f.a.t.b.SeqModelChecker - State 2: state invariant 18 holds.
2026-07-11T10:16:54,762 [zio-default-async-5] DEBUG a.f.a.t.b.SeqModelChecker - State 2: Checking state invariant 19
2026-07-11T10:16:54,766 [zio-default-async-5] INFO  a.f.a.t.b.SeqModelChecker - State 2: state invariant 19 holds.
2026-07-11T10:16:54,767 [zio-default-async-5] DEBUG a.f.a.t.b.SeqModelChecker - State 2: Checking state invariant 20
2026-07-11T10:16:54,771 [zio-default-async-5] INFO  a.f.a.t.b.SeqModelChecker - State 2: state invariant 20 holds.
2026-07-11T10:16:54,772 [zio-default-async-5] DEBUG a.f.a.t.b.SeqModelChecker - State 2: Checking state invariant 21
2026-07-11T10:16:54,778 [zio-default-async-5] INFO  a.f.a.t.b.SeqModelChecker - State 2: state invariant 21 holds.
2026-07-11T10:16:54,780 [zio-default-async-5] DEBUG a.f.a.t.b.SeqModelChecker - State 2: Checking state invariant 22
2026-07-11T10:16:54,787 [zio-default-async-5] INFO  a.f.a.t.b.SeqModelChecker - State 2: state invariant 22 holds.
2026-07-11T10:16:54,789 [zio-default-async-5] DEBUG a.f.a.t.b.SeqModelChecker - State 2: Checking state invariant 32
2026-07-11T10:16:54,796 [zio-default-async-5] INFO  a.f.a.t.b.SeqModelChecker - State 2: state invariant 32 holds.
2026-07-11T10:16:54,797 [zio-default-async-5] DEBUG a.f.a.t.b.SeqModelChecker - State 2: Checking state invariant 33
2026-07-11T10:16:54,802 [zio-default-async-5] INFO  a.f.a.t.b.SeqModelChecker - State 2: state invariant 33 holds.
2026-07-11T10:16:54,803 [zio-default-async-5] DEBUG a.f.a.t.b.SeqModelChecker - State 2: Checking state invariant 34
2026-07-11T10:16:54,806 [zio-default-async-5] INFO  a.f.a.t.b.SeqModelChecker - State 2: state invariant 34 holds.
2026-07-11T10:16:54,807 [zio-default-async-5] DEBUG a.f.a.t.b.SeqModelChecker - State 2: Checking state invariant 35
2026-07-11T10:16:54,810 [zio-default-async-5] INFO  a.f.a.t.b.SeqModelChecker - State 2: state invariant 35 holds.
2026-07-11T10:16:54,811 [zio-default-async-5] DEBUG a.f.a.t.b.SeqModelChecker - State 2: Checking state invariant 36
2026-07-11T10:16:54,814 [zio-default-async-5] INFO  a.f.a.t.b.SeqModelChecker - State 2: state invariant 36 holds.
2026-07-11T10:16:54,816 [zio-default-async-5] DEBUG a.f.a.t.b.SeqModelChecker - State 2: Checking state invariant 37
2026-07-11T10:16:54,827 [zio-default-async-5] INFO  a.f.a.t.b.SeqModelChecker - State 2: state invariant 37 holds.
2026-07-11T10:16:54,829 [zio-default-async-5] DEBUG a.f.a.t.b.SeqModelChecker - State 2: Checking state invariant 38
2026-07-11T10:16:54,838 [zio-default-async-5] INFO  a.f.a.t.b.SeqModelChecker - State 2: state invariant 38 holds.
2026-07-11T10:16:54,839 [zio-default-async-5] DEBUG a.f.a.t.b.SeqModelChecker - State 2: Checking state invariant 39
2026-07-11T10:16:54,847 [zio-default-async-5] INFO  a.f.a.t.b.SeqModelChecker - State 2: state invariant 39 holds.
2026-07-11T10:16:54,849 [zio-default-async-5] DEBUG a.f.a.t.b.SeqModelChecker - State 2: Checking state invariant 40
2026-07-11T10:16:54,857 [zio-default-async-5] INFO  a.f.a.t.b.SeqModelChecker - State 2: state invariant 40 holds.
2026-07-11T10:16:54,859 [zio-default-async-5] DEBUG a.f.a.t.b.SeqModelChecker - State 2: Checking state invariant 41
2026-07-11T10:16:54,866 [zio-default-async-5] INFO  a.f.a.t.b.SeqModelChecker - State 2: state invariant 41 holds.
2026-07-11T10:16:54,868 [zio-default-async-5] DEBUG a.f.a.t.b.SeqModelChecker - State 2: Checking state invariant 42
2026-07-11T10:16:54,878 [zio-default-async-5] INFO  a.f.a.t.b.SeqModelChecker - State 2: state invariant 42 holds.
2026-07-11T10:16:54,879 [zio-default-async-5] DEBUG a.f.a.t.b.SeqModelChecker - State 2: Checking state invariant 43
2026-07-11T10:16:54,888 [zio-default-async-5] INFO  a.f.a.t.b.SeqModelChecker - State 2: state invariant 43 holds.
2026-07-11T10:16:54,890 [zio-default-async-5] DEBUG a.f.a.t.b.SeqModelChecker - State 2: Checking state invariant 44
2026-07-11T10:16:54,917 [zio-default-async-5] INFO  a.f.a.t.b.SeqModelChecker - State 2: state invariant 44 holds.
2026-07-11T10:16:54,919 [zio-default-async-5] DEBUG a.f.a.t.b.SeqModelChecker - State 2: Checking state invariant 46
2026-07-11T10:16:54,936 [zio-default-async-5] INFO  a.f.a.t.b.SeqModelChecker - State 2: state invariant 46 holds.
2026-07-11T10:16:54,938 [zio-default-async-5] DEBUG a.f.a.t.b.t.TransitionExecutorImpl - Step #2, transition #3
2026-07-11T10:16:54,939 [zio-default-async-5] DEBUG a.f.a.t.b.t.TransitionExecutorImpl - Translating to SMT
2026-07-11T10:16:54,955 [zio-default-async-5] DEBUG a.f.a.t.b.SeqModelChecker - Step 2: Transition #3. Is it enabled?
2026-07-11T10:16:54,958 [zio-default-async-5] DEBUG a.f.a.t.b.SeqModelChecker - Step 2: Transition #3 is enabled
2026-07-11T10:16:54,961 [zio-default-async-5] INFO  a.f.a.t.b.t.TransitionExecutorImpl - Step 2: picking a transition out of 4 transition(s)
2026-07-11T10:16:54,992 [zio-default-async-5] DEBUG a.f.a.t.b.t.TransitionExecutorImpl - Step #3, transition #0
2026-07-11T10:16:54,993 [zio-default-async-5] DEBUG a.f.a.t.b.t.TransitionExecutorImpl - Translating to SMT
2026-07-11T10:16:55,022 [zio-default-async-5] DEBUG a.f.a.t.b.SeqModelChecker - Step 3: Transition #0. Is it enabled?
2026-07-11T10:16:55,027 [zio-default-async-5] DEBUG a.f.a.t.b.SeqModelChecker - Step 3: Transition #0 is enabled
2026-07-11T10:16:55,028 [zio-default-async-5] INFO  a.f.a.t.b.SeqModelChecker - State 3: Checking 15 state invariants
2026-07-11T10:16:55,028 [zio-default-async-5] DEBUG a.f.a.t.b.SeqModelChecker - State 3: Checking state invariant 8
2026-07-11T10:16:55,035 [zio-default-async-5] INFO  a.f.a.t.b.SeqModelChecker - State 3: state invariant 8 holds.
2026-07-11T10:16:55,037 [zio-default-async-5] DEBUG a.f.a.t.b.SeqModelChecker - State 3: Checking state invariant 11
2026-07-11T10:16:55,044 [zio-default-async-5] INFO  a.f.a.t.b.SeqModelChecker - State 3: state invariant 11 holds.
2026-07-11T10:16:55,046 [zio-default-async-5] DEBUG a.f.a.t.b.SeqModelChecker - State 3: Checking state invariant 15
2026-07-11T10:16:55,052 [zio-default-async-5] INFO  a.f.a.t.b.SeqModelChecker - State 3: state invariant 15 holds.
2026-07-11T10:16:55,053 [zio-default-async-5] DEBUG a.f.a.t.b.SeqModelChecker - State 3: Checking state invariant 16
2026-07-11T10:16:55,061 [zio-default-async-5] INFO  a.f.a.t.b.SeqModelChecker - State 3: state invariant 16 holds.
2026-07-11T10:16:55,062 [zio-default-async-5] DEBUG a.f.a.t.b.SeqModelChecker - State 3: Checking state invariant 20
2026-07-11T10:16:55,069 [zio-default-async-5] INFO  a.f.a.t.b.SeqModelChecker - State 3: state invariant 20 holds.
2026-07-11T10:16:55,070 [zio-default-async-5] DEBUG a.f.a.t.b.SeqModelChecker - State 3: Checking state invariant 23
2026-07-11T10:16:55,075 [zio-default-async-5] INFO  a.f.a.t.b.SeqModelChecker - State 3: state invariant 23 holds.
2026-07-11T10:16:55,076 [zio-default-async-5] DEBUG a.f.a.t.b.SeqModelChecker - State 3: Checking state invariant 24
2026-07-11T10:16:55,083 [zio-default-async-5] INFO  a.f.a.t.b.SeqModelChecker - State 3: state invariant 24 holds.
2026-07-11T10:16:55,084 [zio-default-async-5] DEBUG a.f.a.t.b.SeqModelChecker - State 3: Checking state invariant 25
2026-07-11T10:16:55,091 [zio-default-async-5] INFO  a.f.a.t.b.SeqModelChecker - State 3: state invariant 25 holds.
2026-07-11T10:16:55,093 [zio-default-async-5] DEBUG a.f.a.t.b.SeqModelChecker - State 3: Checking state invariant 26
2026-07-11T10:16:55,102 [zio-default-async-5] INFO  a.f.a.t.b.SeqModelChecker - State 3: state invariant 26 holds.
2026-07-11T10:16:55,104 [zio-default-async-5] DEBUG a.f.a.t.b.SeqModelChecker - State 3: Checking state invariant 27
2026-07-11T10:16:55,113 [zio-default-async-5] INFO  a.f.a.t.b.SeqModelChecker - State 3: state invariant 27 holds.
2026-07-11T10:16:55,115 [zio-default-async-5] DEBUG a.f.a.t.b.SeqModelChecker - State 3: Checking state invariant 28
2026-07-11T10:16:55,124 [zio-default-async-5] INFO  a.f.a.t.b.SeqModelChecker - State 3: state invariant 28 holds.
2026-07-11T10:16:55,126 [zio-default-async-5] DEBUG a.f.a.t.b.SeqModelChecker - State 3: Checking state invariant 29
2026-07-11T10:16:55,130 [zio-default-async-5] INFO  a.f.a.t.b.SeqModelChecker - State 3: state invariant 29 holds.
2026-07-11T10:16:55,131 [zio-default-async-5] DEBUG a.f.a.t.b.SeqModelChecker - State 3: Checking state invariant 30
2026-07-11T10:16:55,135 [zio-default-async-5] INFO  a.f.a.t.b.SeqModelChecker - State 3: state invariant 30 holds.
2026-07-11T10:16:55,136 [zio-default-async-5] DEBUG a.f.a.t.b.SeqModelChecker - State 3: Checking state invariant 31
2026-07-11T10:16:55,183 [zio-default-async-5] INFO  a.f.a.t.b.SeqModelChecker - State 3: state invariant 31 holds.
2026-07-11T10:16:55,186 [zio-default-async-5] DEBUG a.f.a.t.b.SeqModelChecker - State 3: Checking state invariant 42
2026-07-11T10:16:55,197 [zio-default-async-5] INFO  a.f.a.t.b.SeqModelChecker - State 3: state invariant 42 holds.
2026-07-11T10:16:55,199 [zio-default-async-5] DEBUG a.f.a.t.b.t.TransitionExecutorImpl - Step #3, transition #1
2026-07-11T10:16:55,199 [zio-default-async-5] DEBUG a.f.a.t.b.t.TransitionExecutorImpl - Translating to SMT
2026-07-11T10:16:55,212 [zio-default-async-5] DEBUG a.f.a.t.b.SeqModelChecker - Step 3: Transition #1. Is it enabled?
2026-07-11T10:16:55,216 [zio-default-async-5] DEBUG a.f.a.t.b.SeqModelChecker - Step 3: Transition #1 is enabled
2026-07-11T10:16:55,218 [zio-default-async-5] DEBUG a.f.a.t.b.t.TransitionExecutorImpl - Step #3, transition #2
2026-07-11T10:16:55,218 [zio-default-async-5] DEBUG a.f.a.t.b.t.TransitionExecutorImpl - Translating to SMT
2026-07-11T10:16:55,247 [zio-default-async-5] DEBUG a.f.a.t.b.SeqModelChecker - Step 3: Transition #2. Is it enabled?
2026-07-11T10:16:55,253 [zio-default-async-5] DEBUG a.f.a.t.b.SeqModelChecker - Step 3: Transition #2 is enabled
2026-07-11T10:16:55,254 [zio-default-async-5] INFO  a.f.a.t.b.SeqModelChecker - State 3: Checking 19 state invariants
2026-07-11T10:16:55,254 [zio-default-async-5] DEBUG a.f.a.t.b.SeqModelChecker - State 3: Checking state invariant 18
2026-07-11T10:16:55,262 [zio-default-async-5] INFO  a.f.a.t.b.SeqModelChecker - State 3: state invariant 18 holds.
2026-07-11T10:16:55,264 [zio-default-async-5] DEBUG a.f.a.t.b.SeqModelChecker - State 3: Checking state invariant 19
2026-07-11T10:16:55,271 [zio-default-async-5] INFO  a.f.a.t.b.SeqModelChecker - State 3: state invariant 19 holds.
2026-07-11T10:16:55,272 [zio-default-async-5] DEBUG a.f.a.t.b.SeqModelChecker - State 3: Checking state invariant 20
2026-07-11T10:16:55,279 [zio-default-async-5] INFO  a.f.a.t.b.SeqModelChecker - State 3: state invariant 20 holds.
2026-07-11T10:16:55,280 [zio-default-async-5] DEBUG a.f.a.t.b.SeqModelChecker - State 3: Checking state invariant 21
2026-07-11T10:16:55,286 [zio-default-async-5] INFO  a.f.a.t.b.SeqModelChecker - State 3: state invariant 21 holds.
2026-07-11T10:16:55,287 [zio-default-async-5] DEBUG a.f.a.t.b.SeqModelChecker - State 3: Checking state invariant 22
2026-07-11T10:16:55,292 [zio-default-async-5] INFO  a.f.a.t.b.SeqModelChecker - State 3: state invariant 22 holds.
2026-07-11T10:16:55,293 [zio-default-async-5] DEBUG a.f.a.t.b.SeqModelChecker - State 3: Checking state invariant 32
2026-07-11T10:16:55,298 [zio-default-async-5] INFO  a.f.a.t.b.SeqModelChecker - State 3: state invariant 32 holds.
2026-07-11T10:16:55,299 [zio-default-async-5] DEBUG a.f.a.t.b.SeqModelChecker - State 3: Checking state invariant 33
2026-07-11T10:16:55,304 [zio-default-async-5] INFO  a.f.a.t.b.SeqModelChecker - State 3: state invariant 33 holds.
2026-07-11T10:16:55,305 [zio-default-async-5] DEBUG a.f.a.t.b.SeqModelChecker - State 3: Checking state invariant 34
2026-07-11T10:16:55,308 [zio-default-async-5] INFO  a.f.a.t.b.SeqModelChecker - State 3: state invariant 34 holds.
2026-07-11T10:16:55,308 [zio-default-async-5] DEBUG a.f.a.t.b.SeqModelChecker - State 3: Checking state invariant 35
2026-07-11T10:16:55,313 [zio-default-async-5] INFO  a.f.a.t.b.SeqModelChecker - State 3: state invariant 35 holds.
2026-07-11T10:16:55,314 [zio-default-async-5] DEBUG a.f.a.t.b.SeqModelChecker - State 3: Checking state invariant 36
2026-07-11T10:16:55,317 [zio-default-async-5] INFO  a.f.a.t.b.SeqModelChecker - State 3: state invariant 36 holds.
2026-07-11T10:16:55,318 [zio-default-async-5] DEBUG a.f.a.t.b.SeqModelChecker - State 3: Checking state invariant 37
2026-07-11T10:16:55,328 [zio-default-async-5] INFO  a.f.a.t.b.SeqModelChecker - State 3: state invariant 37 holds.
2026-07-11T10:16:55,330 [zio-default-async-5] DEBUG a.f.a.t.b.SeqModelChecker - State 3: Checking state invariant 38
2026-07-11T10:16:55,340 [zio-default-async-5] INFO  a.f.a.t.b.SeqModelChecker - State 3: state invariant 38 holds.
2026-07-11T10:16:55,342 [zio-default-async-5] DEBUG a.f.a.t.b.SeqModelChecker - State 3: Checking state invariant 39
2026-07-11T10:16:55,352 [zio-default-async-5] INFO  a.f.a.t.b.SeqModelChecker - State 3: state invariant 39 holds.
2026-07-11T10:16:55,354 [zio-default-async-5] DEBUG a.f.a.t.b.SeqModelChecker - State 3: Checking state invariant 40
2026-07-11T10:16:55,364 [zio-default-async-5] INFO  a.f.a.t.b.SeqModelChecker - State 3: state invariant 40 holds.
2026-07-11T10:16:55,365 [zio-default-async-5] DEBUG a.f.a.t.b.SeqModelChecker - State 3: Checking state invariant 41
2026-07-11T10:16:55,377 [zio-default-async-5] INFO  a.f.a.t.b.SeqModelChecker - State 3: state invariant 41 holds.
2026-07-11T10:16:55,380 [zio-default-async-5] DEBUG a.f.a.t.b.SeqModelChecker - State 3: Checking state invariant 42
2026-07-11T10:16:55,391 [zio-default-async-5] INFO  a.f.a.t.b.SeqModelChecker - State 3: state invariant 42 holds.
2026-07-11T10:16:55,393 [zio-default-async-5] DEBUG a.f.a.t.b.SeqModelChecker - State 3: Checking state invariant 43
2026-07-11T10:16:55,407 [zio-default-async-5] INFO  a.f.a.t.b.SeqModelChecker - State 3: state invariant 43 holds.
2026-07-11T10:16:55,409 [zio-default-async-5] DEBUG a.f.a.t.b.SeqModelChecker - State 3: Checking state invariant 44
2026-07-11T10:16:55,432 [zio-default-async-5] INFO  a.f.a.t.b.SeqModelChecker - State 3: state invariant 44 holds.
2026-07-11T10:16:55,434 [zio-default-async-5] DEBUG a.f.a.t.b.SeqModelChecker - State 3: Checking state invariant 46
2026-07-11T10:16:55,447 [zio-default-async-5] INFO  a.f.a.t.b.SeqModelChecker - State 3: state invariant 46 holds.
2026-07-11T10:16:55,450 [zio-default-async-5] DEBUG a.f.a.t.b.t.TransitionExecutorImpl - Step #3, transition #3
2026-07-11T10:16:55,450 [zio-default-async-5] DEBUG a.f.a.t.b.t.TransitionExecutorImpl - Translating to SMT
2026-07-11T10:16:55,465 [zio-default-async-5] DEBUG a.f.a.t.b.SeqModelChecker - Step 3: Transition #3. Is it enabled?
2026-07-11T10:16:55,469 [zio-default-async-5] DEBUG a.f.a.t.b.SeqModelChecker - Step 3: Transition #3 is enabled
2026-07-11T10:16:55,471 [zio-default-async-5] INFO  a.f.a.t.b.t.TransitionExecutorImpl - Step 3: picking a transition out of 4 transition(s)
2026-07-11T10:16:55,503 [zio-default-async-5] DEBUG a.f.a.t.b.s.Z3SolverContext - Disposing Z3 solver context 0
2026-07-11T10:16:55,516 [zio-default-async-5] INFO  a.f.a.t.b.p.BoundedCheckerPassImpl - The outcome is: NoError
2026-07-11T10:16:55,517 [zio-default-async-5] DEBUG a.f.a.i.p.PassChainExecutor - PASS #13: BoundedChecker [OK]
