@!@!@STARTMSG 2262:0 @!@!@
Created by Apalache on Sat Jul 11 10:28:15 MDT 2026
@!@!@ENDMSG 2262 @!@!@
@!@!@STARTMSG 2110:1 @!@!@
Invariant is violated.
@!@!@ENDMSG 2110 @!@!@
@!@!@STARTMSG 2121:1 @!@!@
The behavior up to this point is:
@!@!@ENDMSG 2121 @!@!@
@!@!@STARTMSG 2217:4 @!@!@
1: <Initial predicate>
/\ __InLoop = FALSE
/\ __q::temporalProps_init = FALSE
/\ __saved___temporal_t_1 = FALSE
/\ __saved___temporal_t_2 = FALSE
/\ __saved_answeredBy = SetAsFun({<<"e1", "none">>})
/\ __saved_answeredResponseOp = SetAsFun({<<"e1", "none">>})
/\ __saved_contractKind = SetAsFun({<<"e1", "approval">>})
/\ __saved_elicitationDomain = SetAsFun({<<"e1", "domain-main">>})
/\ __saved_firstAnsweredBy = SetAsFun({<<"e1", "none">>})
/\ __saved_firstAnsweredResponseOp = SetAsFun({<<"e1", "none">>})
/\ __saved_firstTerminalState = SetAsFun({<<"e1", "none">>})
/\ __saved_lsn = 2
/\ __saved_responderActor = SetAsFun({<<"e1", "alice">>})
/\ __saved_responseDuplicate = SetAsFun({ <<"ro1", FALSE>>, <<"ro2", FALSE>> })
/\ __saved_responseOpActor = SetAsFun({ <<"ro1", "alice">>, <<"ro2", "alice">> })
/\ __saved_responseOpDomain = SetAsFun({ <<"ro1", "domain-main">>, <<"ro2", "domain-main">> })
/\ __saved_responseOpElicitation = SetAsFun({ <<"ro1", "none">>, <<"ro2", "none">> })
/\ __saved_responseOpEndpoint = SetAsFun({ <<"ro1", "none">>, <<"ro2", "none">> })
/\ __saved_responseOpGeneration = SetAsFun({ <<"ro1", 0>>, <<"ro2", 0>> })
/\ __saved_responseOpKind = SetAsFun({ <<"ro1", "none">>, <<"ro2", "none">> })
/\ __saved_responseOpSession = SetAsFun({ <<"ro1", "s1">>, <<"ro2", "s1">> })
/\ __saved_responseValid = SetAsFun({ <<"ro1", FALSE>>, <<"ro2", FALSE>> })
/\ __saved_sessionGeneration = SetAsFun({ <<"s1", 0>>, <<"s2", 0>> })
/\ __saved_state = SetAsFun({<<"e1", "opened">>})
/\ __saved_targetGeneration = SetAsFun({<<"e1", 0>>})
/\ __saved_targetSession = SetAsFun({<<"e1", "s1">>})
/\ __saved_terminalLsn = SetAsFun({<<"e1", 0>>})
/\ __temporal_t_1 = FALSE
/\ __temporal_t_2 = FALSE
/\ __temporal_t_2_unroll = TRUE
/\ __temporal_t_2_unroll_prev = TRUE
/\ answeredBy = SetAsFun({<<"e1", "none">>})
/\ answeredResponseOp = SetAsFun({<<"e1", "none">>})
/\ contractKind = SetAsFun({<<"e1", "approval">>})
/\ elicitationDomain = SetAsFun({<<"e1", "domain-main">>})
/\ firstAnsweredBy = SetAsFun({<<"e1", "none">>})
/\ firstAnsweredResponseOp = SetAsFun({<<"e1", "none">>})
/\ firstTerminalState = SetAsFun({<<"e1", "none">>})
/\ lsn = 2
/\ responderActor = SetAsFun({<<"e1", "alice">>})
/\ responseDuplicate = SetAsFun({ <<"ro1", FALSE>>, <<"ro2", FALSE>> })
/\ responseOpActor = SetAsFun({ <<"ro1", "alice">>, <<"ro2", "alice">> })
/\ responseOpDomain = SetAsFun({ <<"ro1", "domain-main">>, <<"ro2", "domain-main">> })
/\ responseOpElicitation = SetAsFun({ <<"ro1", "none">>, <<"ro2", "none">> })
/\ responseOpEndpoint = SetAsFun({ <<"ro1", "none">>, <<"ro2", "none">> })
/\ responseOpGeneration = SetAsFun({ <<"ro1", 0>>, <<"ro2", 0>> })
/\ responseOpKind = SetAsFun({ <<"ro1", "none">>, <<"ro2", "none">> })
/\ responseOpSession = SetAsFun({ <<"ro1", "s1">>, <<"ro2", "s1">> })
/\ responseValid = SetAsFun({ <<"ro1", FALSE>>, <<"ro2", FALSE>> })
/\ sessionGeneration = SetAsFun({ <<"s1", 0>>, <<"s2", 0>> })
/\ state = SetAsFun({<<"e1", "opened">>})
/\ targetGeneration = SetAsFun({<<"e1", 0>>})
/\ targetSession = SetAsFun({<<"e1", "s1">>})
/\ terminalLsn = SetAsFun({<<"e1", 0>>})

@!@!@ENDMSG 2217 @!@!@
@!@!@STARTMSG 2217:4 @!@!@
2: <Next>
/\ __InLoop = FALSE
/\ __q::temporalProps_init = FALSE
/\ __saved___temporal_t_1 = FALSE
/\ __saved___temporal_t_2 = FALSE
/\ __saved_answeredBy = SetAsFun({<<"e1", "none">>})
/\ __saved_answeredResponseOp = SetAsFun({<<"e1", "none">>})
/\ __saved_contractKind = SetAsFun({<<"e1", "approval">>})
/\ __saved_elicitationDomain = SetAsFun({<<"e1", "domain-main">>})
/\ __saved_firstAnsweredBy = SetAsFun({<<"e1", "none">>})
/\ __saved_firstAnsweredResponseOp = SetAsFun({<<"e1", "none">>})
/\ __saved_firstTerminalState = SetAsFun({<<"e1", "none">>})
/\ __saved_lsn = 2
/\ __saved_responderActor = SetAsFun({<<"e1", "alice">>})
/\ __saved_responseDuplicate = SetAsFun({ <<"ro1", FALSE>>, <<"ro2", FALSE>> })
/\ __saved_responseOpActor = SetAsFun({ <<"ro1", "alice">>, <<"ro2", "alice">> })
/\ __saved_responseOpDomain = SetAsFun({ <<"ro1", "domain-main">>, <<"ro2", "domain-main">> })
/\ __saved_responseOpElicitation = SetAsFun({ <<"ro1", "none">>, <<"ro2", "none">> })
/\ __saved_responseOpEndpoint = SetAsFun({ <<"ro1", "none">>, <<"ro2", "none">> })
/\ __saved_responseOpGeneration = SetAsFun({ <<"ro1", 0>>, <<"ro2", 0>> })
/\ __saved_responseOpKind = SetAsFun({ <<"ro1", "none">>, <<"ro2", "none">> })
/\ __saved_responseOpSession = SetAsFun({ <<"ro1", "s1">>, <<"ro2", "s1">> })
/\ __saved_responseValid = SetAsFun({ <<"ro1", FALSE>>, <<"ro2", FALSE>> })
/\ __saved_sessionGeneration = SetAsFun({ <<"s1", 0>>, <<"s2", 0>> })
/\ __saved_state = SetAsFun({<<"e1", "opened">>})
/\ __saved_targetGeneration = SetAsFun({<<"e1", 0>>})
/\ __saved_targetSession = SetAsFun({<<"e1", "s1">>})
/\ __saved_terminalLsn = SetAsFun({<<"e1", 0>>})
/\ __temporal_t_1 = FALSE
/\ __temporal_t_2 = FALSE
/\ __temporal_t_2_unroll = TRUE
/\ __temporal_t_2_unroll_prev = TRUE
/\ answeredBy = SetAsFun({<<"e1", "none">>})
/\ answeredResponseOp = SetAsFun({<<"e1", "none">>})
/\ contractKind = SetAsFun({<<"e1", "approval">>})
/\ elicitationDomain = SetAsFun({<<"e1", "domain-main">>})
/\ firstAnsweredBy = SetAsFun({<<"e1", "none">>})
/\ firstAnsweredResponseOp = SetAsFun({<<"e1", "none">>})
/\ firstTerminalState = SetAsFun({<<"e1", "none">>})
/\ lsn = 3
/\ responderActor = SetAsFun({<<"e1", "alice">>})
/\ responseDuplicate = SetAsFun({ <<"ro1", FALSE>>, <<"ro2", FALSE>> })
/\ responseOpActor = SetAsFun({ <<"ro1", "alice">>, <<"ro2", "alice">> })
/\ responseOpDomain = SetAsFun({ <<"ro1", "domain-main">>, <<"ro2", "domain-main">> })
/\ responseOpElicitation = SetAsFun({ <<"ro1", "none">>, <<"ro2", "none">> })
/\ responseOpEndpoint = SetAsFun({ <<"ro1", "none">>, <<"ro2", "none">> })
/\ responseOpGeneration = SetAsFun({ <<"ro1", 0>>, <<"ro2", 0>> })
/\ responseOpKind = SetAsFun({ <<"ro1", "none">>, <<"ro2", "none">> })
/\ responseOpSession = SetAsFun({ <<"ro1", "s1">>, <<"ro2", "s1">> })
/\ responseValid = SetAsFun({ <<"ro1", FALSE>>, <<"ro2", FALSE>> })
/\ sessionGeneration = SetAsFun({ <<"s1", 0>>, <<"s2", 0>> })
/\ state = SetAsFun({<<"e1", "pending">>})
/\ targetGeneration = SetAsFun({<<"e1", 0>>})
/\ targetSession = SetAsFun({<<"e1", "s1">>})
/\ terminalLsn = SetAsFun({<<"e1", 0>>})

@!@!@ENDMSG 2217 @!@!@
@!@!@STARTMSG 2217:4 @!@!@
3: <Next>
/\ __InLoop = FALSE
/\ __q::temporalProps_init = FALSE
/\ __saved___temporal_t_1 = FALSE
/\ __saved___temporal_t_2 = FALSE
/\ __saved_answeredBy = SetAsFun({<<"e1", "none">>})
/\ __saved_answeredResponseOp = SetAsFun({<<"e1", "none">>})
/\ __saved_contractKind = SetAsFun({<<"e1", "approval">>})
/\ __saved_elicitationDomain = SetAsFun({<<"e1", "domain-main">>})
/\ __saved_firstAnsweredBy = SetAsFun({<<"e1", "none">>})
/\ __saved_firstAnsweredResponseOp = SetAsFun({<<"e1", "none">>})
/\ __saved_firstTerminalState = SetAsFun({<<"e1", "none">>})
/\ __saved_lsn = 2
/\ __saved_responderActor = SetAsFun({<<"e1", "alice">>})
/\ __saved_responseDuplicate = SetAsFun({ <<"ro1", FALSE>>, <<"ro2", FALSE>> })
/\ __saved_responseOpActor = SetAsFun({ <<"ro1", "alice">>, <<"ro2", "alice">> })
/\ __saved_responseOpDomain = SetAsFun({ <<"ro1", "domain-main">>, <<"ro2", "domain-main">> })
/\ __saved_responseOpElicitation = SetAsFun({ <<"ro1", "none">>, <<"ro2", "none">> })
/\ __saved_responseOpEndpoint = SetAsFun({ <<"ro1", "none">>, <<"ro2", "none">> })
/\ __saved_responseOpGeneration = SetAsFun({ <<"ro1", 0>>, <<"ro2", 0>> })
/\ __saved_responseOpKind = SetAsFun({ <<"ro1", "none">>, <<"ro2", "none">> })
/\ __saved_responseOpSession = SetAsFun({ <<"ro1", "s1">>, <<"ro2", "s1">> })
/\ __saved_responseValid = SetAsFun({ <<"ro1", FALSE>>, <<"ro2", FALSE>> })
/\ __saved_sessionGeneration = SetAsFun({ <<"s1", 0>>, <<"s2", 0>> })
/\ __saved_state = SetAsFun({<<"e1", "opened">>})
/\ __saved_targetGeneration = SetAsFun({<<"e1", 0>>})
/\ __saved_targetSession = SetAsFun({<<"e1", "s1">>})
/\ __saved_terminalLsn = SetAsFun({<<"e1", 0>>})
/\ __temporal_t_1 = FALSE
/\ __temporal_t_2 = FALSE
/\ __temporal_t_2_unroll = TRUE
/\ __temporal_t_2_unroll_prev = TRUE
/\ answeredBy = SetAsFun({<<"e1", "ep-a">>})
/\ answeredResponseOp = SetAsFun({<<"e1", "ro1">>})
/\ contractKind = SetAsFun({<<"e1", "approval">>})
/\ elicitationDomain = SetAsFun({<<"e1", "domain-main">>})
/\ firstAnsweredBy = SetAsFun({<<"e1", "ep-a">>})
/\ firstAnsweredResponseOp = SetAsFun({<<"e1", "ro1">>})
/\ firstTerminalState = SetAsFun({<<"e1", "answered">>})
/\ lsn = 4
/\ responderActor = SetAsFun({<<"e1", "alice">>})
/\ responseDuplicate = SetAsFun({ <<"ro1", FALSE>>, <<"ro2", FALSE>> })
/\ responseOpActor = SetAsFun({ <<"ro1", "alice">>, <<"ro2", "alice">> })
/\ responseOpDomain = SetAsFun({ <<"ro1", "domain-main">>, <<"ro2", "domain-main">> })
/\ responseOpElicitation = SetAsFun({ <<"ro1", "e1">>, <<"ro2", "none">> })
/\ responseOpEndpoint = SetAsFun({ <<"ro1", "ep-a">>, <<"ro2", "none">> })
/\ responseOpGeneration = SetAsFun({ <<"ro1", 0>>, <<"ro2", 0>> })
/\ responseOpKind = SetAsFun({ <<"ro1", "approval-response">>, <<"ro2", "none">> })
/\ responseOpSession = SetAsFun({ <<"ro1", "s1">>, <<"ro2", "s1">> })
/\ responseValid = SetAsFun({ <<"ro1", TRUE>>, <<"ro2", FALSE>> })
/\ sessionGeneration = SetAsFun({ <<"s1", 0>>, <<"s2", 0>> })
/\ state = SetAsFun({<<"e1", "answered">>})
/\ targetGeneration = SetAsFun({<<"e1", 0>>})
/\ targetSession = SetAsFun({<<"e1", "s1">>})
/\ terminalLsn = SetAsFun({<<"e1", 4>>})

@!@!@ENDMSG 2217 @!@!@
@!@!@STARTMSG 2217:4 @!@!@
4: <Next>
/\ __InLoop = FALSE
/\ __q::temporalProps_init = FALSE
/\ __saved___temporal_t_1 = FALSE
/\ __saved___temporal_t_2 = FALSE
/\ __saved_answeredBy = SetAsFun({<<"e1", "none">>})
/\ __saved_answeredResponseOp = SetAsFun({<<"e1", "none">>})
/\ __saved_contractKind = SetAsFun({<<"e1", "approval">>})
/\ __saved_elicitationDomain = SetAsFun({<<"e1", "domain-main">>})
/\ __saved_firstAnsweredBy = SetAsFun({<<"e1", "none">>})
/\ __saved_firstAnsweredResponseOp = SetAsFun({<<"e1", "none">>})
/\ __saved_firstTerminalState = SetAsFun({<<"e1", "none">>})
/\ __saved_lsn = 2
/\ __saved_responderActor = SetAsFun({<<"e1", "alice">>})
/\ __saved_responseDuplicate = SetAsFun({ <<"ro1", FALSE>>, <<"ro2", FALSE>> })
/\ __saved_responseOpActor = SetAsFun({ <<"ro1", "alice">>, <<"ro2", "alice">> })
/\ __saved_responseOpDomain = SetAsFun({ <<"ro1", "domain-main">>, <<"ro2", "domain-main">> })
/\ __saved_responseOpElicitation = SetAsFun({ <<"ro1", "none">>, <<"ro2", "none">> })
/\ __saved_responseOpEndpoint = SetAsFun({ <<"ro1", "none">>, <<"ro2", "none">> })
/\ __saved_responseOpGeneration = SetAsFun({ <<"ro1", 0>>, <<"ro2", 0>> })
/\ __saved_responseOpKind = SetAsFun({ <<"ro1", "none">>, <<"ro2", "none">> })
/\ __saved_responseOpSession = SetAsFun({ <<"ro1", "s1">>, <<"ro2", "s1">> })
/\ __saved_responseValid = SetAsFun({ <<"ro1", FALSE>>, <<"ro2", FALSE>> })
/\ __saved_sessionGeneration = SetAsFun({ <<"s1", 0>>, <<"s2", 0>> })
/\ __saved_state = SetAsFun({<<"e1", "opened">>})
/\ __saved_targetGeneration = SetAsFun({<<"e1", 0>>})
/\ __saved_targetSession = SetAsFun({<<"e1", "s1">>})
/\ __saved_terminalLsn = SetAsFun({<<"e1", 0>>})
/\ __temporal_t_1 = FALSE
/\ __temporal_t_2 = FALSE
/\ __temporal_t_2_unroll = FALSE
/\ __temporal_t_2_unroll_prev = TRUE
/\ answeredBy = SetAsFun({<<"e1", "ep-a">>})
/\ answeredResponseOp = SetAsFun({<<"e1", "ro1">>})
/\ contractKind = SetAsFun({<<"e1", "approval">>})
/\ elicitationDomain = SetAsFun({<<"e1", "domain-main">>})
/\ firstAnsweredBy = SetAsFun({<<"e1", "ep-a">>})
/\ firstAnsweredResponseOp = SetAsFun({<<"e1", "ro1">>})
/\ firstTerminalState = SetAsFun({<<"e1", "answered">>})
/\ lsn = 4
/\ responderActor = SetAsFun({<<"e1", "alice">>})
/\ responseDuplicate = SetAsFun({ <<"ro1", FALSE>>, <<"ro2", FALSE>> })
/\ responseOpActor = SetAsFun({ <<"ro1", "alice">>, <<"ro2", "alice">> })
/\ responseOpDomain = SetAsFun({ <<"ro1", "domain-main">>, <<"ro2", "domain-main">> })
/\ responseOpElicitation = SetAsFun({ <<"ro1", "e1">>, <<"ro2", "none">> })
/\ responseOpEndpoint = SetAsFun({ <<"ro1", "ep-a">>, <<"ro2", "none">> })
/\ responseOpGeneration = SetAsFun({ <<"ro1", 0>>, <<"ro2", 0>> })
/\ responseOpKind = SetAsFun({ <<"ro1", "approval-response">>, <<"ro2", "none">> })
/\ responseOpSession = SetAsFun({ <<"ro1", "s1">>, <<"ro2", "s1">> })
/\ responseValid = SetAsFun({ <<"ro1", TRUE>>, <<"ro2", FALSE>> })
/\ sessionGeneration = SetAsFun({ <<"s1", 0>>, <<"s2", 0>> })
/\ state = SetAsFun({<<"e1", "expired">>})
/\ targetGeneration = SetAsFun({<<"e1", 0>>})
/\ targetSession = SetAsFun({<<"e1", "s1">>})
/\ terminalLsn = SetAsFun({<<"e1", 4>>})

@!@!@ENDMSG 2217 @!@!@
@!@!@STARTMSG 2217:4 @!@!@
5: <Next>
/\ __InLoop = TRUE
/\ __q::temporalProps_init = FALSE
/\ __saved___temporal_t_1 = FALSE
/\ __saved___temporal_t_2 = FALSE
/\ __saved_answeredBy = SetAsFun({<<"e1", "ep-a">>})
/\ __saved_answeredResponseOp = SetAsFun({<<"e1", "ro1">>})
/\ __saved_contractKind = SetAsFun({<<"e1", "approval">>})
/\ __saved_elicitationDomain = SetAsFun({<<"e1", "domain-main">>})
/\ __saved_firstAnsweredBy = SetAsFun({<<"e1", "ep-a">>})
/\ __saved_firstAnsweredResponseOp = SetAsFun({<<"e1", "ro1">>})
/\ __saved_firstTerminalState = SetAsFun({<<"e1", "answered">>})
/\ __saved_lsn = 4
/\ __saved_responderActor = SetAsFun({<<"e1", "alice">>})
/\ __saved_responseDuplicate = SetAsFun({ <<"ro1", FALSE>>, <<"ro2", FALSE>> })
/\ __saved_responseOpActor = SetAsFun({ <<"ro1", "alice">>, <<"ro2", "alice">> })
/\ __saved_responseOpDomain = SetAsFun({ <<"ro1", "domain-main">>, <<"ro2", "domain-main">> })
/\ __saved_responseOpElicitation = SetAsFun({ <<"ro1", "e1">>, <<"ro2", "none">> })
/\ __saved_responseOpEndpoint = SetAsFun({ <<"ro1", "ep-a">>, <<"ro2", "none">> })
/\ __saved_responseOpGeneration = SetAsFun({ <<"ro1", 0>>, <<"ro2", 0>> })
/\ __saved_responseOpKind = SetAsFun({ <<"ro1", "approval-response">>, <<"ro2", "none">> })
/\ __saved_responseOpSession = SetAsFun({ <<"ro1", "s1">>, <<"ro2", "s1">> })
/\ __saved_responseValid = SetAsFun({ <<"ro1", TRUE>>, <<"ro2", FALSE>> })
/\ __saved_sessionGeneration = SetAsFun({ <<"s1", 0>>, <<"s2", 0>> })
/\ __saved_state = SetAsFun({<<"e1", "expired">>})
/\ __saved_targetGeneration = SetAsFun({<<"e1", 0>>})
/\ __saved_targetSession = SetAsFun({<<"e1", "s1">>})
/\ __saved_terminalLsn = SetAsFun({<<"e1", 4>>})
/\ __temporal_t_1 = FALSE
/\ __temporal_t_2 = FALSE
/\ __temporal_t_2_unroll = FALSE
/\ __temporal_t_2_unroll_prev = FALSE
/\ answeredBy = SetAsFun({<<"e1", "ep-a">>})
/\ answeredResponseOp = SetAsFun({<<"e1", "ro1">>})
/\ contractKind = SetAsFun({<<"e1", "approval">>})
/\ elicitationDomain = SetAsFun({<<"e1", "domain-main">>})
/\ firstAnsweredBy = SetAsFun({<<"e1", "ep-a">>})
/\ firstAnsweredResponseOp = SetAsFun({<<"e1", "ro1">>})
/\ firstTerminalState = SetAsFun({<<"e1", "answered">>})
/\ lsn = 4
/\ responderActor = SetAsFun({<<"e1", "alice">>})
/\ responseDuplicate = SetAsFun({ <<"ro1", FALSE>>, <<"ro2", FALSE>> })
/\ responseOpActor = SetAsFun({ <<"ro1", "alice">>, <<"ro2", "alice">> })
/\ responseOpDomain = SetAsFun({ <<"ro1", "domain-main">>, <<"ro2", "domain-main">> })
/\ responseOpElicitation = SetAsFun({ <<"ro1", "e1">>, <<"ro2", "none">> })
/\ responseOpEndpoint = SetAsFun({ <<"ro1", "ep-a">>, <<"ro2", "none">> })
/\ responseOpGeneration = SetAsFun({ <<"ro1", 0>>, <<"ro2", 0>> })
/\ responseOpKind = SetAsFun({ <<"ro1", "approval-response">>, <<"ro2", "none">> })
/\ responseOpSession = SetAsFun({ <<"ro1", "s1">>, <<"ro2", "s1">> })
/\ responseValid = SetAsFun({ <<"ro1", TRUE>>, <<"ro2", FALSE>> })
/\ sessionGeneration = SetAsFun({ <<"s1", 0>>, <<"s2", 0>> })
/\ state = SetAsFun({<<"e1", "expired">>})
/\ targetGeneration = SetAsFun({<<"e1", 0>>})
/\ targetSession = SetAsFun({<<"e1", "s1">>})
/\ terminalLsn = SetAsFun({<<"e1", 4>>})

@!@!@ENDMSG 2217 @!@!@
