@!@!@STARTMSG 2262:0 @!@!@
Created by Apalache on Sat Jul 11 10:36:11 MDT 2026
@!@!@ENDMSG 2262 @!@!@
@!@!@STARTMSG 2110:1 @!@!@
Invariant is violated.
@!@!@ENDMSG 2110 @!@!@
@!@!@STARTMSG 2121:1 @!@!@
The behavior up to this point is:
@!@!@ENDMSG 2121 @!@!@
@!@!@STARTMSG 2217:4 @!@!@
1: <Initial predicate>
/\ LastSubscriptionActor = "alice"
/\ LastSubscriptionScope = "scope-stream-ops-all"
/\ SubscriptionAccepted = "no"
/\ SubscriptionAttempted = "no"
/\ SubscriptionEstablishAttempts = 0
/\ auditRecords = 0
/\ eventFilter = SetAsFun({ <<1, "none">>,
  <<2, "none">>,
  <<3, "none">>,
  <<4, "none">>,
  <<5, "none">> })
/\ eventLsn = 0
/\ eventStream = SetAsFun({ <<1, "none">>,
  <<2, "none">>,
  <<3, "none">>,
  <<4, "none">>,
  <<5, "none">> })
/\ gSubElicitationsOpsStatus = "revoked"
/\ gSubOpsAllStatus = "active"
/\ operationRecordsCreated = 0
/\ phase = 0
/\ replayedEvents = 0
/\ subscriptionCursor = 0
/\ subscriptionFilter = "all"
/\ subscriptionGrantId = "none"
/\ subscriptionId = "none"
/\ subscriptionStream = "stream-ops"

@!@!@ENDMSG 2217 @!@!@
@!@!@STARTMSG 2217:4 @!@!@
2: <Next>
/\ LastSubscriptionActor = "svc"
/\ LastSubscriptionScope = "scope-stream-elicitations-all"
/\ SubscriptionAccepted = "no"
/\ SubscriptionAttempted = "yes"
/\ SubscriptionEstablishAttempts = 1
/\ auditRecords = 0
/\ eventFilter = SetAsFun({ <<1, "none">>,
  <<2, "none">>,
  <<3, "none">>,
  <<4, "none">>,
  <<5, "none">> })
/\ eventLsn = 0
/\ eventStream = SetAsFun({ <<1, "none">>,
  <<2, "none">>,
  <<3, "none">>,
  <<4, "none">>,
  <<5, "none">> })
/\ gSubElicitationsOpsStatus = "revoked"
/\ gSubOpsAllStatus = "active"
/\ operationRecordsCreated = 0
/\ phase = 1
/\ replayedEvents = 0
/\ subscriptionCursor = 0
/\ subscriptionFilter = "all"
/\ subscriptionGrantId = "none"
/\ subscriptionId = "none"
/\ subscriptionStream = "stream-elicitations"

@!@!@ENDMSG 2217 @!@!@
